Archive member included to satisfy reference by file (symbol)

/Volumes/Ricolinos/Codigo/GitHub/mi-ipod-os/.claude/worktrees/split-root-menu/build-boot/firmware/libfirmware.a(memcpy.o)
                              /Volumes/Ricolinos/Codigo/GitHub/mi-ipod-os/.claude/worktrees/split-root-menu/build-boot/bootloader/ipod-s5l87xx.o (memcpy)
/Volumes/Ricolinos/Codigo/GitHub/mi-ipod-os/.claude/worktrees/split-root-menu/build-boot/firmware/libfirmware.a(strlen.o)
                              /Volumes/Ricolinos/Codigo/GitHub/mi-ipod-os/.claude/worktrees/split-root-menu/build-boot/bootloader/format.o (strlen)
/Volumes/Ricolinos/Codigo/GitHub/mi-ipod-os/.claude/worktrees/split-root-menu/build-boot/firmware/libfirmware.a(backlight.o)
                              /Volumes/Ricolinos/Codigo/GitHub/mi-ipod-os/.claude/worktrees/split-root-menu/build-boot/bootloader/ipod-s5l87xx.o (backlight_init)
/Volumes/Ricolinos/Codigo/GitHub/mi-ipod-os/.claude/worktrees/split-root-menu/build-boot/firmware/libfirmware.a(powermgmt.o)
                              /Volumes/Ricolinos/Codigo/GitHub/mi-ipod-os/.claude/worktrees/split-root-menu/build-boot/bootloader/ipod-s5l87xx.o (powermgmt_init)
/Volumes/Ricolinos/Codigo/GitHub/mi-ipod-os/.claude/worktrees/split-root-menu/build-boot/firmware/libfirmware.a(usb.o)
                              /Volumes/Ricolinos/Codigo/GitHub/mi-ipod-os/.claude/worktrees/split-root-menu/build-boot/bootloader/ipod-s5l87xx.o (usb_start_monitoring)
/Volumes/Ricolinos/Codigo/GitHub/mi-ipod-os/.claude/worktrees/split-root-menu/build-boot/firmware/libfirmware.a(rb-loader.o)
                              /Volumes/Ricolinos/Codigo/GitHub/mi-ipod-os/.claude/worktrees/split-root-menu/build-boot/bootloader/ipod-s5l87xx.o (load_firmware)
/Volumes/Ricolinos/Codigo/GitHub/mi-ipod-os/.claude/worktrees/split-root-menu/build-boot/firmware/libfirmware.a(panic.o)
                              /Volumes/Ricolinos/Codigo/GitHub/mi-ipod-os/.claude/worktrees/split-root-menu/build-boot/firmware/libfirmware.a(usb.o) (panicf)
/Volumes/Ricolinos/Codigo/GitHub/mi-ipod-os/.claude/worktrees/split-root-menu/build-boot/firmware/libfirmware.a(loader_strerror.o)
                              /Volumes/Ricolinos/Codigo/GitHub/mi-ipod-os/.claude/worktrees/split-root-menu/build-boot/bootloader/common.o (loader_strerror)
/Volumes/Ricolinos/Codigo/GitHub/mi-ipod-os/.claude/worktrees/split-root-menu/build-boot/firmware/libfirmware.a(file.o)
                              /Volumes/Ricolinos/Codigo/GitHub/mi-ipod-os/.claude/worktrees/split-root-menu/build-boot/bootloader/common.o (close)
/Volumes/Ricolinos/Codigo/GitHub/mi-ipod-os/.claude/worktrees/split-root-menu/build-boot/firmware/libfirmware.a(file_internal.o)
                              /Volumes/Ricolinos/Codigo/GitHub/mi-ipod-os/.claude/worktrees/split-root-menu/build-boot/firmware/libfirmware.a(file.o) (filestr_alloc_cache)
/Volumes/Ricolinos/Codigo/GitHub/mi-ipod-os/.claude/worktrees/split-root-menu/build-boot/firmware/libfirmware.a(disk.o)
                              /Volumes/Ricolinos/Codigo/GitHub/mi-ipod-os/.claude/worktrees/split-root-menu/build-boot/bootloader/ipod-s5l87xx.o (disk_set_sector_multiplier)
/Volumes/Ricolinos/Codigo/GitHub/mi-ipod-os/.claude/worktrees/split-root-menu/build-boot/firmware/libfirmware.a(fileobj_mgr.o)
                              /Volumes/Ricolinos/Codigo/GitHub/mi-ipod-os/.claude/worktrees/split-root-menu/build-boot/firmware/libfirmware.a(file_internal.o) (fileobj_fileop_open)
/Volumes/Ricolinos/Codigo/GitHub/mi-ipod-os/.claude/worktrees/split-root-menu/build-boot/firmware/libfirmware.a(pathfuncs.o)
                              /Volumes/Ricolinos/Codigo/GitHub/mi-ipod-os/.claude/worktrees/split-root-menu/build-boot/firmware/libfirmware.a(file_internal.o) (parse_path_component)
/Volumes/Ricolinos/Codigo/GitHub/mi-ipod-os/.claude/worktrees/split-root-menu/build-boot/firmware/libfirmware.a(linked_list.o)
                              /Volumes/Ricolinos/Codigo/GitHub/mi-ipod-os/.claude/worktrees/split-root-menu/build-boot/firmware/libfirmware.a(fileobj_mgr.o) (ll_insert_last)
/Volumes/Ricolinos/Codigo/GitHub/mi-ipod-os/.claude/worktrees/split-root-menu/build-boot/firmware/libfirmware.a(rb_namespace.o)
                              /Volumes/Ricolinos/Codigo/GitHub/mi-ipod-os/.claude/worktrees/split-root-menu/build-boot/firmware/libfirmware.a(disk.o) (root_mount_path)
/Volumes/Ricolinos/Codigo/GitHub/mi-ipod-os/.claude/worktrees/split-root-menu/build-boot/firmware/libfirmware.a(strcasecmp.o)
                              /Volumes/Ricolinos/Codigo/GitHub/mi-ipod-os/.claude/worktrees/split-root-menu/build-boot/firmware/libfirmware.a(file_internal.o) (strcasecmp)
/Volumes/Ricolinos/Codigo/GitHub/mi-ipod-os/.claude/worktrees/split-root-menu/build-boot/firmware/libfirmware.a(strlcpy.o)
                              /Volumes/Ricolinos/Codigo/GitHub/mi-ipod-os/.claude/worktrees/split-root-menu/build-boot/firmware/libfirmware.a(pathfuncs.o) (strlcpy)
[...]
Memory Configuration

Name             Origin             Length             Attributes
DRAM             0x08000000         0x04000000
IRAM             0x22000000         0x00040000
VECT_AREA        0x00000000         0x00000400
MOVE_AREA        0x22020800         0x0001f800
BSS_AREA         0x08800000         0x037fc000
*default*        0x00000000         0xffffffff

Linker script and memory map

LOAD /Volumes/Ricolinos/Codigo/GitHub/mi-ipod-os/.claude/worktrees/split-root-menu/build-boot/firmware/target/arm/s5l8702/crt0.o
LOAD /Volumes/Ricolinos/Codigo/GitHub/mi-ipod-os/.claude/worktrees/split-root-menu/build-boot/bootloader/common.o
LOAD /Volumes/Ricolinos/Codigo/GitHub/mi-ipod-os/.claude/worktrees/split-root-menu/build-boot/bootloader/format.o
LOAD /Volumes/Ricolinos/Codigo/GitHub/mi-ipod-os/.claude/worktrees/split-root-menu/build-boot/bootloader/snprintf.o
LOAD /Volumes/Ricolinos/Codigo/GitHub/mi-ipod-os/.claude/worktrees/split-root-menu/build-boot/bootloader/ipod-s5l87xx.o
LOAD /Volumes/Ricolinos/Codigo/GitHub/mi-ipod-os/.claude/worktrees/split-root-menu/build-boot/apps/bitmaps/mono/default_icons.o
LOAD /Volumes/Ricolinos/Codigo/GitHub/mi-ipod-os/.claude/worktrees/split-root-menu/build-boot/apps/bitmaps/native/rockboxlogo.72x88x16.o
LOAD /Volumes/Ricolinos/Codigo/GitHub/mi-ipod-os/.claude/worktrees/split-root-menu/build-boot/firmware/libfirmware.a
LOAD /Volumes/Ricolinos/Codigo/GitHub/mi-ipod-os/.claude/worktrees/split-root-menu/build-boot/firmware/libfirmware.a
LOAD /Volumes/Ricolinos/Codigo/GitHub/mi-ipod-os/.claude/worktrees/split-root-menu/build-boot/lib/libunwarminder.a
LOAD /Volumes/Ricolinos/Codigo/GitHub/mi-ipod-os/.claude/worktrees/split-root-menu/build-boot/lib/libarm_support.a
LOAD /Volumes/Ricolinos/Codigo/GitHub/mi-ipod-os/.claude/worktrees/split-root-menu/build-boot/firmware/libfirmware.a
LOAD /Volumes/Ricolinos/Codigo/GitHub/mi-ipod-os/.claude/worktrees/split-root-menu/build-boot/lib/libunwarminder.a
LOAD /Volumes/Ricolinos/Codigo/GitHub/mi-ipod-os/.claude/worktrees/split-root-menu/build-boot/lib/libarm_support.a
LOAD /opt/homebrew/Cellar/arm-none-eabi-gcc/16.1.0/lib/gcc/arm-none-eabi/16.1.0/libgcc.a
                0x22020800                        _movestart = LOADADDR (.text)
                0x2203acc0                        _moveend = (LOADADDR (.data) + SIZEOF (.data))

.text           0x22020800    0x14104
 *(.intvect)
 .intvect       0x22020800       0x94 /Volumes/Ricolinos/Codigo/GitHub/mi-ipod-os/.claude/worktrees/split-root-menu/build-boot/firmware/target/arm/s5l8702/crt0.o
                0x22020800                start
                0x2202083c                _newstart
 *(.init.text)
 *fill*         0x22020894        0xc 
 .init.text     0x220208a0      0x110 /Volumes/Ricolinos/Codigo/GitHub/mi-ipod-os/.claude/worktrees/split-root-menu/build-boot/firmware/target/arm/s5l8702/crt0.o
                0x220208a0                start_loc
                0x22020948                bss_init
 *(.text*)
 .text.printf   0x220209b0       0x84 /Volumes/Ricolinos/Codigo/GitHub/mi-ipod-os/.claude/worktrees/split-root-menu/build-boot/bootloader/common.o
                0x220209b0                printf
 .text.format   0x22020a34      0x3c4 /Volumes/Ricolinos/Codigo/GitHub/mi-ipod-os/.claude/worktrees/split-root-menu/build-boot/bootloader/format.o
                0x22020a34                format
 .text.sprfunc  0x22020df8       0x3c /Volumes/Ricolinos/Codigo/GitHub/mi-ipod-os/.claude/worktrees/split-root-menu/build-boot/bootloader/snprintf.o
 .text.vsnprintf
                0x22020e34       0x48 /Volumes/Ricolinos/Codigo/GitHub/mi-ipod-os/.claude/worktrees/split-root-menu/build-boot/bootloader/snprintf.o
                0x22020e34                vsnprintf
 .text.snprintf
                0x22020e7c       0x28 /Volumes/Ricolinos/Codigo/GitHub/mi-ipod-os/.claude/worktrees/split-root-menu/build-boot/bootloader/snprintf.o
                0x22020e7c                snprintf
 .text.usb_mode
                0x22020ea4       0xe8 /Volumes/Ricolinos/Codigo/GitHub/mi-ipod-os/.claude/worktrees/split-root-menu/build-boot/bootloader/ipod-s5l87xx.o
 .text.launch_onb
                0x22020f8c       0x70 /Volumes/Ricolinos/Codigo/GitHub/mi-ipod-os/.claude/worktrees/split-root-menu/build-boot/bootloader/ipod-s5l87xx.o
 .text.kernel_launch_onb
                0x22020ffc       0x28 /Volumes/Ricolinos/Codigo/GitHub/mi-ipod-os/.claude/worktrees/split-root-menu/build-boot/bootloader/ipod-s5l87xx.o
 .text.fatal_error
                0x22021024       0xec /Volumes/Ricolinos/Codigo/GitHub/mi-ipod-os/.claude/worktrees/split-root-menu/build-boot/bootloader/ipod-s5l87xx.o
                0x22021024                fatal_error
 .text.startup.main
                0x22021110      0x4ac /Volumes/Ricolinos/Codigo/GitHub/mi-ipod-os/.claude/worktrees/split-root-menu/build-boot/bootloader/ipod-s5l87xx.o
                0x22021110                main
 .text.backlight_init
                0x220215bc       0x10 /Volumes/Ricolinos/Codigo/GitHub/mi-ipod-os/.claude/worktrees/split-root-menu/build-boot/firmware/libfirmware.a(backlight.o)
                0x220215bc                backlight_init
 .text.backlight_on
                0x220215cc        0x4 /Volumes/Ricolinos/Codigo/GitHub/mi-ipod-os/.claude/worktrees/split-root-menu/build-boot/firmware/libfirmware.a(backlight.o)
                0x220215cc                backlight_on
 .text.is_backlight_on
                0x220215d0        0x8 /Volumes/Ricolinos/Codigo/GitHub/mi-ipod-os/.claude/worktrees/split-root-menu/build-boot/firmware/libfirmware.a(backlight.o)
                0x220215d0                is_backlight_on
 .text.buttonlight_on
                0x220215d8        0x4 /Volumes/Ricolinos/Codigo/GitHub/mi-ipod-os/.claude/worktrees/split-root-menu/build-boot/firmware/libfirmware.a(backlight.o)
                0x220215d8                buttonlight_on
 .text.set_sleep_timer
                0x220215dc       0x4c /Volumes/Ricolinos/Codigo/GitHub/mi-ipod-os/.claude/worktrees/split-root-menu/build-boot/firmware/libfirmware.a(powermgmt.o)
 .text.collect_power_history
                0x22021628       0x30 /Volumes/Ricolinos/Codigo/GitHub/mi-ipod-os/.claude/worktrees/split-root-menu/build-boot/firmware/libfirmware.a(powermgmt.o)
 .text.voltage_to_percent
                0x22021658       0x84 /Volumes/Ricolinos/Codigo/GitHub/mi-ipod-os/.claude/worktrees/split-root-menu/build-boot/firmware/libfirmware.a(powermgmt.o)
 .text.voltage_to_battery_level
                0x220216dc       0x4c /Volumes/Ricolinos/Codigo/GitHub/mi-ipod-os/.claude/worktrees/split-root-menu/build-boot/firmware/libfirmware.a(powermgmt.o)
 .text.battery_status_update
                0x22021728       0x64 /Volumes/Ricolinos/Codigo/GitHub/mi-ipod-os/.claude/worktrees/split-root-menu/build-boot/firmware/libfirmware.a(powermgmt.o)
 .text.charger_inserted
                0x2202178c       0x18 /Volumes/Ricolinos/Codigo/GitHub/mi-ipod-os/.claude/worktrees/split-root-menu/build-boot/firmware/libfirmware.a(powermgmt.o)
                0x2202178c                charger_inserted
 .text.power_input_present
                0x220217a4       0x14 /Volumes/Ricolinos/Codigo/GitHub/mi-ipod-os/.claude/worktrees/split-root-menu/build-boot/firmware/libfirmware.a(powermgmt.o)
                0x220217a4                power_input_present
 .text.query_force_shutdown
                0x220217b8       0x40 /Volumes/Ricolinos/Codigo/GitHub/mi-ipod-os/.claude/worktrees/split-root-menu/build-boot/firmware/libfirmware.a(powermgmt.o)
                0x220217b8                query_force_shutdown
 .text.power_thread
                0x220217f8      0x270 /Volumes/Ricolinos/Codigo/GitHub/mi-ipod-os/.claude/worktrees/split-root-menu/build-boot/firmware/libfirmware.a(powermgmt.o)
 .text.powermgmt_init
                0x22021a68       0x3c /Volumes/Ricolinos/Codigo/GitHub/mi-ipod-os/.claude/worktrees/split-root-menu/build-boot/firmware/libfirmware.a(powermgmt.o)
                0x22021a68                powermgmt_init
 .text.reset_poweroff_timer
                0x22021aa4       0x44 /Volumes/Ricolinos/Codigo/GitHub/mi-ipod-os/.claude/worktrees/split-root-menu/build-boot/firmware/libfirmware.a(powermgmt.o)
                0x22021aa4                reset_poweroff_timer
 .text.sys_poweroff
                0x22021ae8        0x4 /Volumes/Ricolinos/Codigo/GitHub/mi-ipod-os/.claude/worktrees/split-root-menu/build-boot/firmware/libfirmware.a(powermgmt.o)
                0x22021ae8                sys_poweroff
 .text.usb_tick
                0x22021aec       0x74 /Volumes/Ricolinos/Codigo/GitHub/mi-ipod-os/.claude/worktrees/split-root-menu/build-boot/firmware/libfirmware.a(usb.o)
 .text.usb_thread
                0x22021b60      0x1e8 /Volumes/Ricolinos/Codigo/GitHub/mi-ipod-os/.claude/worktrees/split-root-menu/build-boot/firmware/libfirmware.a(usb.o)
 .text.usb_signal_transfer_completion
                0x22021d48       0x14 /Volumes/Ricolinos/Codigo/GitHub/mi-ipod-os/.claude/worktrees/split-root-menu/build-boot/firmware/libfirmware.a(usb.o)
                0x22021d48                usb_signal_transfer_completion
 .text.usb_clear_pending_transfer_completion_events
                0x22021d5c        0x4 /Volumes/Ricolinos/Codigo/GitHub/mi-ipod-os/.claude/worktrees/split-root-menu/build-boot/firmware/libfirmware.a(usb.o)
                0x22021d5c                usb_clear_pending_transfer_completion_events
 .text.usb_charger_update
                0x22021d60       0x14 /Volumes/Ricolinos/Codigo/GitHub/mi-ipod-os/.claude/worktrees/split-root-menu/build-boot/firmware/libfirmware.a(usb.o)
                0x22021d60                usb_charger_update
 .text.usb_start_monitoring
                0x22021d74       0x14 /Volumes/Ricolinos/Codigo/GitHub/mi-ipod-os/.claude/worktrees/split-root-menu/build-boot/firmware/libfirmware.a(usb.o)
                0x22021d74                usb_start_monitoring
 .text.usb_acknowledge
                0x22021d88       0x14 /Volumes/Ricolinos/Codigo/GitHub/mi-ipod-os/.claude/worktrees/split-root-menu/build-boot/firmware/libfirmware.a(usb.o)
                0x22021d88                usb_acknowledge
 .text.usb_signal_notify
                0x22021d9c        0x4 /Volumes/Ricolinos/Codigo/GitHub/mi-ipod-os/.claude/worktrees/split-root-menu/build-boot/firmware/libfirmware.a(usb.o)
                0x22021d9c                usb_signal_notify
 .text.usb_init
                0x22021da0       0x70 /Volumes/Ricolinos/Codigo/GitHub/mi-ipod-os/.claude/worktrees/split-root-menu/build-boot/firmware/libfirmware.a(usb.o)
                0x22021da0                usb_init
 .text.usb_close
                0x22021e10       0x58 /Volumes/Ricolinos/Codigo/GitHub/mi-ipod-os/.claude/worktrees/split-root-menu/build-boot/firmware/libfirmware.a(usb.o)
                0x22021e10                usb_close
 .text.usb_inserted
                0x22021e68       0x20 /Volumes/Ricolinos/Codigo/GitHub/mi-ipod-os/.claude/worktrees/split-root-menu/build-boot/firmware/libfirmware.a(usb.o)
                0x22021e68                usb_inserted
 .text.usb_exclusive_storage
                0x22021e88       0x10 /Volumes/Ricolinos/Codigo/GitHub/mi-ipod-os/.claude/worktrees/split-root-menu/build-boot/firmware/libfirmware.a(usb.o)
                0x22021e88                usb_exclusive_storage
 .text.usb_request_exclusive_storage
                0x22021e98       0x44 /Volumes/Ricolinos/Codigo/GitHub/mi-ipod-os/.claude/worktrees/split-root-menu/build-boot/firmware/libfirmware.a(usb.o)
                0x22021e98                usb_request_exclusive_storage
 .text.usb_release_exclusive_storage
                0x22021edc       0x6c /Volumes/Ricolinos/Codigo/GitHub/mi-ipod-os/.claude/worktrees/split-root-menu/build-boot/firmware/libfirmware.a(usb.o)
                0x22021edc                usb_release_exclusive_storage
 .text.load_firmware_filename
                0x22021f48       0xd0 /Volumes/Ricolinos/Codigo/GitHub/mi-ipod-os/.claude/worktrees/split-root-menu/build-boot/firmware/libfirmware.a(rb-loader.o)
 .text.load_firmware
                0x22022018       0x88 /Volumes/Ricolinos/Codigo/GitHub/mi-ipod-os/.claude/worktrees/split-root-menu/build-boot/firmware/libfirmware.a(rb-loader.o)
                0x22022018                load_firmware
 .text.panicf   0x220220a0        0xc /Volumes/Ricolinos/Codigo/GitHub/mi-ipod-os/.claude/worktrees/split-root-menu/build-boot/firmware/libfirmware.a(panic.o)
                0x220220a0                panicf
 .text.panicf_f
                0x220220ac       0xf8 /Volumes/Ricolinos/Codigo/GitHub/mi-ipod-os/.claude/worktrees/split-root-menu/build-boot/firmware/libfirmware.a(panic.o)
                0x220220ac                panicf_f
 .text.loader_strerror
                0x220221a4       0x24 /Volumes/Ricolinos/Codigo/GitHub/mi-ipod-os/.claude/worktrees/split-root-menu/build-boot/firmware/libfirmware.a(loader_strerror.o)
                0x220221a4                loader_strerror
 .text.file_internal_lock_WRITER
                0x220221c8        0xc /Volumes/Ricolinos/Codigo/GitHub/mi-ipod-os/.claude/worktrees/split-root-menu/build-boot/firmware/libfirmware.a(file.o)
 .text.get_filestr
                0x220221d4       0x4c /Volumes/Ricolinos/Codigo/GitHub/mi-ipod-os/.claude/worktrees/split-root-menu/build-boot/firmware/libfirmware.a(file.o)
 .text.flush_cache
                0x22022220       0xb8 /Volumes/Ricolinos/Codigo/GitHub/mi-ipod-os/.claude/worktrees/split-root-menu/build-boot/firmware/libfirmware.a(file.o)
 .text.file_internal_unlock_WRITER
                0x220222d8        0xc /Volumes/Ricolinos/Codigo/GitHub/mi-ipod-os/.claude/worktrees/split-root-menu/build-boot/firmware/libfirmware.a(file.o)
 .text.file_internal_unlock_READER
                0x220222e4        0xc /Volumes/Ricolinos/Codigo/GitHub/mi-ipod-os/.claude/worktrees/split-root-menu/build-boot/firmware/libfirmware.a(file.o)
 .text.readwrite_partial
                0x220222f0      0x160 /Volumes/Ricolinos/Codigo/GitHub/mi-ipod-os/.claude/worktrees/split-root-menu/build-boot/firmware/libfirmware.a(file.o)
 .text.readwrite
                0x22022450      0x3d8 /Volumes/Ricolinos/Codigo/GitHub/mi-ipod-os/.claude/worktrees/split-root-menu/build-boot/firmware/libfirmware.a(file.o)
 .text.ftruncate_internal
                0x22022828      0x22c /Volumes/Ricolinos/Codigo/GitHub/mi-ipod-os/.claude/worktrees/split-root-menu/build-boot/firmware/libfirmware.a(file.o)
 .text.fsync_internal
                0x22022a54      0x110 /Volumes/Ricolinos/Codigo/GitHub/mi-ipod-os/.claude/worktrees/split-root-menu/build-boot/firmware/libfirmware.a(file.o)
 .text.close_internal
                0x22022b64       0x64 /Volumes/Ricolinos/Codigo/GitHub/mi-ipod-os/.claude/worktrees/split-root-menu/build-boot/firmware/libfirmware.a(file.o)
 .text.force_close_writer_internal
                0x22022bc8        0x4 /Volumes/Ricolinos/Codigo/GitHub/mi-ipod-os/.claude/worktrees/split-root-menu/build-boot/firmware/libfirmware.a(file.o)
                0x22022bc8                force_close_writer_internal
 .text.close    0x22022bcc       0x64 /Volumes/Ricolinos/Codigo/GitHub/mi-ipod-os/.claude/worktrees/split-root-menu/build-boot/firmware/libfirmware.a(file.o)
                0x22022bcc                close
 .text.open_internal_locked
                0x22022c30      0x260 /Volumes/Ricolinos/Codigo/GitHub/mi-ipod-os/.claude/worktrees/split-root-menu/build-boot/firmware/libfirmware.a(file.o)
 .text.open     0x22022e90        0x8 /Volumes/Ricolinos/Codigo/GitHub/mi-ipod-os/.claude/worktrees/split-root-menu/build-boot/firmware/libfirmware.a(file.o)
                0x22022e90                open
 .text.read     0x22022e98       0x94 /Volumes/Ricolinos/Codigo/GitHub/mi-ipod-os/.claude/worktrees/split-root-menu/build-boot/firmware/libfirmware.a(file.o)
                0x22022e98                read
 .text.filesize
                0x22022f2c       0x6c /Volumes/Ricolinos/Codigo/GitHub/mi-ipod-os/.claude/worktrees/split-root-menu/build-boot/firmware/libfirmware.a(file.o)
                0x22022f2c                filesize
 .text.walk_check_prefix
                0x22022f98       0x38 /Volumes/Ricolinos/Codigo/GitHub/mi-ipod-os/.claude/worktrees/split-root-menu/build-boot/firmware/libfirmware.a(file_internal.o)
 .text.file_cache_init
                0x22022fd0       0x20 /Volumes/Ricolinos/Codigo/GitHub/mi-ipod-os/.claude/worktrees/split-root-menu/build-boot/firmware/libfirmware.a(file_internal.o)
                0x22022fd0                file_cache_init
 .text.file_cache_reset
                0x22022ff0       0x18 /Volumes/Ricolinos/Codigo/GitHub/mi-ipod-os/.claude/worktrees/split-root-menu/build-boot/firmware/libfirmware.a(file_internal.o)
                0x22022ff0                file_cache_reset
 .text.file_cache_alloc
                0x22023008       0x30 /Volumes/Ricolinos/Codigo/GitHub/mi-ipod-os/.claude/worktrees/split-root-menu/build-boot/firmware/libfirmware.a(file_internal.o)
                0x22023008                file_cache_alloc
 .text.file_cache_free
                0x22023038       0x3c /Volumes/Ricolinos/Codigo/GitHub/mi-ipod-os/.claude/worktrees/split-root-menu/build-boot/firmware/libfirmware.a(file_internal.o)
                0x22023038                file_cache_free
 .text.filestr_alloc_cache
                0x22023074        0x8 /Volumes/Ricolinos/Codigo/GitHub/mi-ipod-os/.claude/worktrees/split-root-menu/build-boot/firmware/libfirmware.a(file_internal.o)
                0x22023074                filestr_alloc_cache
 .text.filestr_free_cache
                0x2202307c       0x18 /Volumes/Ricolinos/Codigo/GitHub/mi-ipod-os/.claude/worktrees/split-root-menu/build-boot/firmware/libfirmware.a(file_internal.o)
                0x2202307c                filestr_free_cache
 .text.filestr_assign_cache
                0x22023094       0x34 /Volumes/Ricolinos/Codigo/GitHub/mi-ipod-os/.claude/worktrees/split-root-menu/build-boot/firmware/libfirmware.a(file_internal.o)
                0x22023094                filestr_assign_cache
 .text.filestr_copy_cache
                0x220230c8       0x50 /Volumes/Ricolinos/Codigo/GitHub/mi-ipod-os/.claude/worktrees/split-root-menu/build-boot/firmware/libfirmware.a(file_internal.o)
                0x220230c8                filestr_copy_cache
 .text.filestr_discard_cache
                0x22023118       0x1c /Volumes/Ricolinos/Codigo/GitHub/mi-ipod-os/.claude/worktrees/split-root-menu/build-boot/firmware/libfirmware.a(file_internal.o)
                0x22023118                filestr_discard_cache
 .text.filestr_base_init
                0x22023134       0x34 /Volumes/Ricolinos/Codigo/GitHub/mi-ipod-os/.claude/worktrees/split-root-menu/build-boot/firmware/libfirmware.a(file_internal.o)
                0x22023134                filestr_base_init
 .text.filestr_base_destroy
                0x22023168       0x10 /Volumes/Ricolinos/Codigo/GitHub/mi-ipod-os/.claude/worktrees/split-root-menu/build-boot/firmware/libfirmware.a(file_internal.o)
                0x22023168                filestr_base_destroy
 .text.uncached_readdir_internal
                0x22023178       0x3c /Volumes/Ricolinos/Codigo/GitHub/mi-ipod-os/.claude/worktrees/split-root-menu/build-boot/firmware/libfirmware.a(file_internal.o)
                0x22023178                uncached_readdir_internal
 .text.open_path_component
                0x220231b4      0x114 /Volumes/Ricolinos/Codigo/GitHub/mi-ipod-os/.claude/worktrees/split-root-menu/build-boot/firmware/libfirmware.a(file_internal.o)
 .text.walk_path.constprop.0
                0x220232c8      0x274 /Volumes/Ricolinos/Codigo/GitHub/mi-ipod-os/.claude/worktrees/split-root-menu/build-boot/firmware/libfirmware.a(file_internal.o)
 .text.open_stream_internal
                0x2202353c      0x11c /Volumes/Ricolinos/Codigo/GitHub/mi-ipod-os/.claude/worktrees/split-root-menu/build-boot/firmware/libfirmware.a(file_internal.o)
                0x2202353c                open_stream_internal
 .text.close_stream_internal
                0x22023658       0x5c /Volumes/Ricolinos/Codigo/GitHub/mi-ipod-os/.claude/worktrees/split-root-menu/build-boot/firmware/libfirmware.a(file_internal.o)
                0x22023658                close_stream_internal
 .text.create_stream_internal
                0x220236b4       0x90 /Volumes/Ricolinos/Codigo/GitHub/mi-ipod-os/.claude/worktrees/split-root-menu/build-boot/firmware/libfirmware.a(file_internal.o)
                0x220236b4                create_stream_internal
 .text.filesystem_init
                0x22023744       0x1c /Volumes/Ricolinos/Codigo/GitHub/mi-ipod-os/.claude/worktrees/split-root-menu/build-boot/firmware/libfirmware.a(file_internal.o)
                0x22023744                filesystem_init
 .text.file_internal_lock_WRITER
                0x22023760        0xc /Volumes/Ricolinos/Codigo/GitHub/mi-ipod-os/.claude/worktrees/split-root-menu/build-boot/firmware/libfirmware.a(disk.o)
 .text.file_internal_unlock_WRITER
                0x2202376c        0xc /Volumes/Ricolinos/Codigo/GitHub/mi-ipod-os/.claude/worktrees/split-root-menu/build-boot/firmware/libfirmware.a(disk.o)
 .text.volume_onmount_internal
                0x22023778       0x24 /Volumes/Ricolinos/Codigo/GitHub/mi-ipod-os/.claude/worktrees/split-root-menu/build-boot/firmware/libfirmware.a(disk.o)
 .text.disk_get_sector_multiplier
                0x2202379c       0x2c /Volumes/Ricolinos/Codigo/GitHub/mi-ipod-os/.claude/worktrees/split-root-menu/build-boot/firmware/libfirmware.a(disk.o)
                0x2202379c                disk_get_sector_multiplier
 .text.disk_set_sector_multiplier
                0x220237c8       0x20 /Volumes/Ricolinos/Codigo/GitHub/mi-ipod-os/.claude/worktrees/split-root-menu/build-boot/firmware/libfirmware.a(disk.o)
                0x220237c8                disk_set_sector_multiplier
 .text.disk_get_log_sector_size
                0x220237e8       0x2c /Volumes/Ricolinos/Codigo/GitHub/mi-ipod-os/.claude/worktrees/split-root-menu/build-boot/firmware/libfirmware.a(disk.o)
                0x220237e8                disk_get_log_sector_size
 .text.disk_init
                0x22023814      0x530 /Volumes/Ricolinos/Codigo/GitHub/mi-ipod-os/.claude/worktrees/split-root-menu/build-boot/firmware/libfirmware.a(disk.o)
                0x22023814                disk_init
 .text.disk_partinfo
                0x22023d44       0x6c /Volumes/Ricolinos/Codigo/GitHub/mi-ipod-os/.claude/worktrees/split-root-menu/build-boot/firmware/libfirmware.a(disk.o)
                0x22023d44                disk_partinfo
 .text.disk_mount
                0x22023db0      0x1dc /Volumes/Ricolinos/Codigo/GitHub/mi-ipod-os/.claude/worktrees/split-root-menu/build-boot/firmware/libfirmware.a(disk.o)
                0x22023db0                disk_mount
 .text.disk_mount_all
                0x22023f8c       0x40 /Volumes/Ricolinos/Codigo/GitHub/mi-ipod-os/.claude/worktrees/split-root-menu/build-boot/firmware/libfirmware.a(disk.o)
                0x22023f8c                disk_mount_all
 .text.disk_unmount
                0x22023fcc       0x4c /Volumes/Ricolinos/Codigo/GitHub/mi-ipod-os/.claude/worktrees/split-root-menu/build-boot/firmware/libfirmware.a(disk.o)
                0x22023fcc                disk_unmount
 .text.disk_unmount_all
                0x22024018       0x28 /Volumes/Ricolinos/Codigo/GitHub/mi-ipod-os/.claude/worktrees/split-root-menu/build-boot/firmware/libfirmware.a(disk.o)
                0x22024018                disk_unmount_all
 .text.disk_present
                0x22024040       0x40 /Volumes/Ricolinos/Codigo/GitHub/mi-ipod-os/.claude/worktrees/split-root-menu/build-boot/firmware/libfirmware.a(disk.o)
                0x22024040                disk_present
 .text.fileobj_sync_parent
                0x22024080       0x80 /Volumes/Ricolinos/Codigo/GitHub/mi-ipod-os/.claude/worktrees/split-root-menu/build-boot/firmware/libfirmware.a(fileobj_mgr.o)
 .text.file_binding_insert_last
                0x22024100       0x10 /Volumes/Ricolinos/Codigo/GitHub/mi-ipod-os/.claude/worktrees/split-root-menu/build-boot/firmware/libfirmware.a(fileobj_mgr.o)
                0x22024100                file_binding_insert_last
 .text.bind_source_info
                0x22024110       0x84 /Volumes/Ricolinos/Codigo/GitHub/mi-ipod-os/.claude/worktrees/split-root-menu/build-boot/firmware/libfirmware.a(fileobj_mgr.o)
 .text.file_binding_remove
                0x22024194       0x10 /Volumes/Ricolinos/Codigo/GitHub/mi-ipod-os/.claude/worktrees/split-root-menu/build-boot/firmware/libfirmware.a(fileobj_mgr.o)
                0x22024194                file_binding_remove
 .text.fileobj_mount
                0x220241a4       0x48 /Volumes/Ricolinos/Codigo/GitHub/mi-ipod-os/.claude/worktrees/split-root-menu/build-boot/firmware/libfirmware.a(fileobj_mgr.o)
                0x220241a4                fileobj_mount
 .text.fileobj_unmount
                0x220241ec       0x48 /Volumes/Ricolinos/Codigo/GitHub/mi-ipod-os/.claude/worktrees/split-root-menu/build-boot/firmware/libfirmware.a(fileobj_mgr.o)
                0x220241ec                fileobj_unmount
 .text.fileobj_fileop_open
                0x22024234      0x13c /Volumes/Ricolinos/Codigo/GitHub/mi-ipod-os/.claude/worktrees/split-root-menu/build-boot/firmware/libfirmware.a(fileobj_mgr.o)
                0x22024234                fileobj_fileop_open
 .text.fileobj_fileop_close
                0x22024370       0xf0 /Volumes/Ricolinos/Codigo/GitHub/mi-ipod-os/.claude/worktrees/split-root-menu/build-boot/firmware/libfirmware.a(fileobj_mgr.o)
                0x22024370                fileobj_fileop_close
 .text.fileobj_fileop_create
                0x22024460       0x28 /Volumes/Ricolinos/Codigo/GitHub/mi-ipod-os/.claude/worktrees/split-root-menu/build-boot/firmware/libfirmware.a(fileobj_mgr.o)
                0x22024460                fileobj_fileop_create
 .text.fileobj_fileop_sync
                0x22024488       0x30 /Volumes/Ricolinos/Codigo/GitHub/mi-ipod-os/.claude/worktrees/split-root-menu/build-boot/firmware/libfirmware.a(fileobj_mgr.o)
                0x22024488                fileobj_fileop_sync
 .text.fileobj_get_sizep
                0x220244b8       0x10 /Volumes/Ricolinos/Codigo/GitHub/mi-ipod-os/.claude/worktrees/split-root-menu/build-boot/firmware/libfirmware.a(fileobj_mgr.o)
                0x220244b8                fileobj_get_sizep
 .text.fileobj_get_next_stream
                0x220244c8       0x1c /Volumes/Ricolinos/Codigo/GitHub/mi-ipod-os/.claude/worktrees/split-root-menu/build-boot/firmware/libfirmware.a(fileobj_mgr.o)
                0x220244c8                fileobj_get_next_stream
 .text.fileobj_get_flags
                0x220244e4       0x10 /Volumes/Ricolinos/Codigo/GitHub/mi-ipod-os/.claude/worktrees/split-root-menu/build-boot/firmware/libfirmware.a(fileobj_mgr.o)
                0x220244e4                fileobj_get_flags
 .text.fileobj_change_flags
                0x220244f4       0x28 /Volumes/Ricolinos/Codigo/GitHub/mi-ipod-os/.claude/worktrees/split-root-menu/build-boot/firmware/libfirmware.a(fileobj_mgr.o)
                0x220244f4                fileobj_change_flags
 .text.fileobj_mgr_unmount
                0x2202451c       0x74 /Volumes/Ricolinos/Codigo/GitHub/mi-ipod-os/.claude/worktrees/split-root-menu/build-boot/firmware/libfirmware.a(fileobj_mgr.o)
                0x2202451c                fileobj_mgr_unmount
 .text.fileobj_mgr_init
                0x22024590       0x70 /Volumes/Ricolinos/Codigo/GitHub/mi-ipod-os/.claude/worktrees/split-root-menu/build-boot/firmware/libfirmware.a(fileobj_mgr.o)
                0x22024590                fileobj_mgr_init
 .text.path_dirname
                0x22024600       0x94 /Volumes/Ricolinos/Codigo/GitHub/mi-ipod-os/.claude/worktrees/split-root-menu/build-boot/firmware/libfirmware.a(pathfuncs.o)
                0x22024600                path_dirname
 .text.path_append_ex
                0x22024694      0x1c0 /Volumes/Ricolinos/Codigo/GitHub/mi-ipod-os/.claude/worktrees/split-root-menu/build-boot/firmware/libfirmware.a(pathfuncs.o)
                0x22024694                path_append_ex
 .text.path_append
                0x22024854       0x1c /Volumes/Ricolinos/Codigo/GitHub/mi-ipod-os/.claude/worktrees/split-root-menu/build-boot/firmware/libfirmware.a(pathfuncs.o)
                0x22024854                path_append
 .text.parse_path_component
                0x22024870       0x60 /Volumes/Ricolinos/Codigo/GitHub/mi-ipod-os/.claude/worktrees/split-root-menu/build-boot/firmware/libfirmware.a(pathfuncs.o)
                0x22024870                parse_path_component
 .text.ll_insert_last
                0x220248d0       0x20 /Volumes/Ricolinos/Codigo/GitHub/mi-ipod-os/.claude/worktrees/split-root-menu/build-boot/firmware/libfirmware.a(linked_list.o)
                0x220248d0                ll_insert_last
 .text.ll_remove_next
                0x220248f0       0x30 /Volumes/Ricolinos/Codigo/GitHub/mi-ipod-os/.claude/worktrees/split-root-menu/build-boot/firmware/libfirmware.a(linked_list.o)
                0x220248f0                ll_remove_next
 .text.ll_remove_first
                0x22024920       0x18 /Volumes/Ricolinos/Codigo/GitHub/mi-ipod-os/.claude/worktrees/split-root-menu/build-boot/firmware/libfirmware.a(linked_list.o)
                0x22024920                ll_remove_first
 .text.ll_remove
                0x22024938       0x28 /Volumes/Ricolinos/Codigo/GitHub/mi-ipod-os/.claude/worktrees/split-root-menu/build-boot/firmware/libfirmware.a(linked_list.o)
                0x22024938                ll_remove
 .text.lld_insert_last
                0x22024960       0x20 /Volumes/Ricolinos/Codigo/GitHub/mi-ipod-os/.claude/worktrees/split-root-menu/build-boot/firmware/libfirmware.a(linked_list.o)
                0x22024960                lld_insert_last
 .text.lld_remove
                0x22024980       0x24 /Volumes/Ricolinos/Codigo/GitHub/mi-ipod-os/.claude/worktrees/split-root-menu/build-boot/firmware/libfirmware.a(linked_list.o)
                0x22024980                lld_remove
 .text.lldc_insert_first
                0x220249a4       0x2c /Volumes/Ricolinos/Codigo/GitHub/mi-ipod-os/.claude/worktrees/split-root-menu/build-boot/firmware/libfirmware.a(linked_list.o)
                0x220249a4                lldc_insert_first
 .text.lldc_insert_last
                0x220249d0       0x2c /Volumes/Ricolinos/Codigo/GitHub/mi-ipod-os/.claude/worktrees/split-root-menu/build-boot/firmware/libfirmware.a(linked_list.o)
                0x220249d0                lldc_insert_last
 .text.lldc_remove
                0x220249fc       0x38 /Volumes/Ricolinos/Codigo/GitHub/mi-ipod-os/.claude/worktrees/split-root-menu/build-boot/firmware/libfirmware.a(linked_list.o)
                0x220249fc                lldc_remove
 .text.root_mount_path
                0x22024a34      0x154 /Volumes/Ricolinos/Codigo/GitHub/mi-ipod-os/.claude/worktrees/split-root-menu/build-boot/firmware/libfirmware.a(rb_namespace.o)
                0x22024a34                root_mount_path
 .text.root_unmount_volume
                0x22024b88       0x64 /Volumes/Ricolinos/Codigo/GitHub/mi-ipod-os/.claude/worktrees/split-root-menu/build-boot/firmware/libfirmware.a(rb_namespace.o)
                0x22024b88                root_unmount_volume
 .text.ns_parse_root
                0x22024bec       0x2c /Volumes/Ricolinos/Codigo/GitHub/mi-ipod-os/.claude/worktrees/split-root-menu/build-boot/firmware/libfirmware.a(rb_namespace.o)
                0x22024bec                ns_parse_root
 .text.ns_open_root
                0x22024c18       0x70 /Volumes/Ricolinos/Codigo/GitHub/mi-ipod-os/.claude/worktrees/split-root-menu/build-boot/firmware/libfirmware.a(rb_namespace.o)
                0x22024c18                ns_open_root
 .text.strcasecmp
                0x22024c88       0x4c /Volumes/Ricolinos/Codigo/GitHub/mi-ipod-os/.claude/worktrees/split-root-menu/build-boot/firmware/libfirmware.a(strcasecmp.o)
                0x22024c88                strcasecmp
 .text.strlcpy  0x22024cd4       0x38 /Volumes/Ricolinos/Codigo/GitHub/mi-ipod-os/.claude/worktrees/split-root-menu/build-boot/firmware/libfirmware.a(strlcpy.o)
                0x22024cd4                strlcpy
 .text.strmemccpy
                0x22024d0c       0x3c /Volumes/Ricolinos/Codigo/GitHub/mi-ipod-os/.claude/worktrees/split-root-menu/build-boot/firmware/libfirmware.a(strmemccpy.o)
                0x22024d0c                strmemccpy
 .text.__errno  0x22024d48       0x14 /Volumes/Ricolinos/Codigo/GitHub/mi-ipod-os/.claude/worktrees/split-root-menu/build-boot/firmware/libfirmware.a(errno.o)
                0x22024d48                __errno
 .text.memccpy  0x22024d5c       0x30 /Volumes/Ricolinos/Codigo/GitHub/mi-ipod-os/.claude/worktrees/split-root-menu/build-boot/firmware/libfirmware.a(memccpy.o)
                0x22024d5c                memccpy
 .text.strchr   0x22024d8c       0x34 /Volumes/Ricolinos/Codigo/GitHub/mi-ipod-os/.claude/worktrees/split-root-menu/build-boot/firmware/libfirmware.a(strchr.o)
                0x22024d8c                strchr
 .text.strcpy   0x22024dc0       0x18 /Volumes/Ricolinos/Codigo/GitHub/mi-ipod-os/.claude/worktrees/split-root-menu/build-boot/firmware/libfirmware.a(strcpy.o)
                0x22024dc0                strcpy
 .text.font_init
                0x22024dd8        0x4 /Volumes/Ricolinos/Codigo/GitHub/mi-ipod-os/.claude/worktrees/split-root-menu/build-boot/firmware/libfirmware.a(font.o)
                0x22024dd8                font_init
 .text.font_get
                0x22024ddc        0xc /Volumes/Ricolinos/Codigo/GitHub/mi-ipod-os/.claude/worktrees/split-root-menu/build-boot/firmware/libfirmware.a(font.o)
                0x22024ddc                font_get
 .text.font_get_width
                0x22024de8       0x3c /Volumes/Ricolinos/Codigo/GitHub/mi-ipod-os/.claude/worktrees/split-root-menu/build-boot/firmware/libfirmware.a(font.o)
                0x22024de8                font_get_width
 .text.font_get_bits
                0x22024e24       0x60 /Volumes/Ricolinos/Codigo/GitHub/mi-ipod-os/.claude/worktrees/split-root-menu/build-boot/firmware/libfirmware.a(font.o)
                0x22024e24                font_get_bits
 .text.font_getstringnsize
                0x22024e84       0xa4 /Volumes/Ricolinos/Codigo/GitHub/mi-ipod-os/.claude/worktrees/split-root-menu/build-boot/firmware/libfirmware.a(font.o)
                0x22024e84                font_getstringnsize
 .text.font_getstringsize
                0x22024f28       0x20 /Volumes/Ricolinos/Codigo/GitHub/mi-ipod-os/.claude/worktrees/split-root-menu/build-boot/firmware/libfirmware.a(font.o)
                0x22024f28                font_getstringsize
 .text.lcd_frameaddress_default
                0x22024f48       0x24 /Volumes/Ricolinos/Codigo/GitHub/mi-ipod-os/.claude/worktrees/split-root-menu/build-boot/firmware/libfirmware.a(lcd-16bit.o)
 .text.clip_viewport_rect
                0x22024f6c       0xf8 /Volumes/Ricolinos/Codigo/GitHub/mi-ipod-os/.claude/worktrees/split-root-menu/build-boot/firmware/libfirmware.a(lcd-16bit.o)
 .text.blend_two_colors
                0x22025064       0x38 /Volumes/Ricolinos/Codigo/GitHub/mi-ipod-os/.claude/worktrees/split-root-menu/build-boot/firmware/libfirmware.a(lcd-16bit.o)
 .text.lcd_putsxyofs
                0x2202509c      0x130 /Volumes/Ricolinos/Codigo/GitHub/mi-ipod-os/.claude/worktrees/split-root-menu/build-boot/firmware/libfirmware.a(lcd-16bit.o)
 .text.lcd_set_foreground
                0x220251cc       0x14 /Volumes/Ricolinos/Codigo/GitHub/mi-ipod-os/.claude/worktrees/split-root-menu/build-boot/firmware/libfirmware.a(lcd-16bit.o)
                0x220251cc                lcd_set_foreground
 .text.lcd_set_background
                0x220251e0       0x14 /Volumes/Ricolinos/Codigo/GitHub/mi-ipod-os/.claude/worktrees/split-root-menu/build-boot/firmware/libfirmware.a(lcd-16bit.o)
                0x220251e0                lcd_set_background
 .text.lcd_set_backdrop
                0x220251f4       0x80 /Volumes/Ricolinos/Codigo/GitHub/mi-ipod-os/.claude/worktrees/split-root-menu/build-boot/firmware/libfirmware.a(lcd-16bit.o)
                0x220251f4                lcd_set_backdrop
 .text.lcd_set_drawmode
                0x22025274       0x18 /Volumes/Ricolinos/Codigo/GitHub/mi-ipod-os/.claude/worktrees/split-root-menu/build-boot/firmware/libfirmware.a(lcd-16bit.o)
                0x22025274                lcd_set_drawmode
 .text.lcd_setfont
                0x2202528c       0x14 /Volumes/Ricolinos/Codigo/GitHub/mi-ipod-os/.claude/worktrees/split-root-menu/build-boot/firmware/libfirmware.a(lcd-16bit.o)
                0x2202528c                lcd_setfont
 .text.lcd_getstringsize
                0x220252a0       0x14 /Volumes/Ricolinos/Codigo/GitHub/mi-ipod-os/.claude/worktrees/split-root-menu/build-boot/firmware/libfirmware.a(lcd-16bit.o)
                0x220252a0                lcd_getstringsize
 .text.lcd_set_drawinfo
                0x220252b4       0x20 /Volumes/Ricolinos/Codigo/GitHub/mi-ipod-os/.claude/worktrees/split-root-menu/build-boot/firmware/libfirmware.a(lcd-16bit.o)
                0x220252b4                lcd_set_drawinfo
 .text.lcd_init_viewport
                0x220252d4       0x78 /Volumes/Ricolinos/Codigo/GitHub/mi-ipod-os/.claude/worktrees/split-root-menu/build-boot/firmware/libfirmware.a(lcd-16bit.o)
                0x220252d4                lcd_init_viewport
 .text.lcd_set_viewport_ex
                0x2202534c       0x40 /Volumes/Ricolinos/Codigo/GitHub/mi-ipod-os/.claude/worktrees/split-root-menu/build-boot/firmware/libfirmware.a(lcd-16bit.o)
                0x2202534c                lcd_set_viewport_ex
 .text.lcd_set_viewport
                0x2202538c        0x8 /Volumes/Ricolinos/Codigo/GitHub/mi-ipod-os/.claude/worktrees/split-root-menu/build-boot/firmware/libfirmware.a(lcd-16bit.o)
                0x2202538c                lcd_set_viewport
 .text.lcd_puts
                0x22025394       0x44 /Volumes/Ricolinos/Codigo/GitHub/mi-ipod-os/.claude/worktrees/split-root-menu/build-boot/firmware/libfirmware.a(lcd-16bit.o)
                0x22025394                lcd_puts
 .text.lcd_putsf
                0x220253d8       0x4c /Volumes/Ricolinos/Codigo/GitHub/mi-ipod-os/.claude/worktrees/split-root-menu/build-boot/firmware/libfirmware.a(lcd-16bit.o)
                0x220253d8                lcd_putsf
 .text.lcd_clear_viewport
                0x22025424      0x108 /Volumes/Ricolinos/Codigo/GitHub/mi-ipod-os/.claude/worktrees/split-root-menu/build-boot/firmware/libfirmware.a(lcd-16bit.o)
                0x22025424                lcd_clear_viewport
 .text.lcd_clear_display
                0x2202552c       0x28 /Volumes/Ricolinos/Codigo/GitHub/mi-ipod-os/.claude/worktrees/split-root-menu/build-boot/firmware/libfirmware.a(lcd-16bit.o)
                0x2202552c                lcd_clear_display
 .text.lcd_init
                0x22025554       0x1c /Volumes/Ricolinos/Codigo/GitHub/mi-ipod-os/.claude/worktrees/split-root-menu/build-boot/firmware/libfirmware.a(lcd-16bit.o)
                0x22025554                lcd_init
 .text.lcd_mono_bmp_part_helper
                0x22025570        0x4 /Volumes/Ricolinos/Codigo/GitHub/mi-ipod-os/.claude/worktrees/split-root-menu/build-boot/firmware/libfirmware.a(lcd-16bit.o)
 .text.is_diacritic
                0x22025574       0x14 /Volumes/Ricolinos/Codigo/GitHub/mi-ipod-os/.claude/worktrees/split-root-menu/build-boot/firmware/libfirmware.a(diacritic.o)
                0x22025574                is_diacritic
 .text.filter_first_keypress_disabled
                0x22025588       0x10 /Volumes/Ricolinos/Codigo/GitHub/mi-ipod-os/.claude/worktrees/split-root-menu/build-boot/firmware/libfirmware.a(button.o)
 .text.hp_detect_callback
                0x22025598       0x24 /Volumes/Ricolinos/Codigo/GitHub/mi-ipod-os/.claude/worktrees/split-root-menu/build-boot/firmware/libfirmware.a(button.o)
 .text.button_read.isra.0
                0x220255bc       0x30 /Volumes/Ricolinos/Codigo/GitHub/mi-ipod-os/.claude/worktrees/split-root-menu/build-boot/firmware/libfirmware.a(button.o)
 .text.button_tick
                0x220255ec      0x234 /Volumes/Ricolinos/Codigo/GitHub/mi-ipod-os/.claude/worktrees/split-root-menu/build-boot/firmware/libfirmware.a(button.o)
 .text.button_init
                0x22025820       0x48 /Volumes/Ricolinos/Codigo/GitHub/mi-ipod-os/.claude/worktrees/split-root-menu/build-boot/firmware/libfirmware.a(button.o)
                0x22025820                button_init
 .text.button_status
                0x22025868       0x10 /Volumes/Ricolinos/Codigo/GitHub/mi-ipod-os/.claude/worktrees/split-root-menu/build-boot/firmware/libfirmware.a(button.o)
                0x22025868                button_status
 .text.button_queue_post
                0x22025878       0x14 /Volumes/Ricolinos/Codigo/GitHub/mi-ipod-os/.claude/worktrees/split-root-menu/build-boot/firmware/libfirmware.a(button_queue.o)
                0x22025878                button_queue_post
 .text.button_queue_post_remove_head
                0x2202588c       0x30 /Volumes/Ricolinos/Codigo/GitHub/mi-ipod-os/.claude/worktrees/split-root-menu/build-boot/firmware/libfirmware.a(button_queue.o)
                0x2202588c                button_queue_post_remove_head
 .text.button_queue_try_post
                0x220258bc       0x4c /Volumes/Ricolinos/Codigo/GitHub/mi-ipod-os/.claude/worktrees/split-root-menu/build-boot/firmware/libfirmware.a(button_queue.o)
                0x220258bc                button_queue_try_post
 .text.button_queue_empty
                0x22025908        0xc /Volumes/Ricolinos/Codigo/GitHub/mi-ipod-os/.claude/worktrees/split-root-menu/build-boot/firmware/libfirmware.a(button_queue.o)
                0x22025908                button_queue_empty
 .text.button_get_w_tmo
                0x22025914       0x3c /Volumes/Ricolinos/Codigo/GitHub/mi-ipod-os/.claude/worktrees/split-root-menu/build-boot/firmware/libfirmware.a(button_queue.o)
                0x22025914                button_get_w_tmo
 .text.button_get_data
                0x22025950       0x10 /Volumes/Ricolinos/Codigo/GitHub/mi-ipod-os/.claude/worktrees/split-root-menu/build-boot/firmware/libfirmware.a(button_queue.o)
                0x22025950                button_get_data
 .text.button_queue_init
                0x22025960       0x10 /Volumes/Ricolinos/Codigo/GitHub/mi-ipod-os/.claude/worktrees/split-root-menu/build-boot/firmware/libfirmware.a(button_queue.o)
                0x22025960                button_queue_init
 .text.storage_thread
                0x22025970       0xe4 /Volumes/Ricolinos/Codigo/GitHub/mi-ipod-os/.claude/worktrees/split-root-menu/build-boot/firmware/libfirmware.a(storage.o)
 .text.storage_init
                0x22025a54       0x70 /Volumes/Ricolinos/Codigo/GitHub/mi-ipod-os/.claude/worktrees/split-root-menu/build-boot/firmware/libfirmware.a(storage.o)
                0x22025a54                storage_init
 .text.storage_read_sectors
                0x22025ac4        0x4 /Volumes/Ricolinos/Codigo/GitHub/mi-ipod-os/.claude/worktrees/split-root-menu/build-boot/firmware/libfirmware.a(storage.o)
                0x22025ac4                storage_read_sectors
 .text.storage_write_sectors
                0x22025ac8        0x4 /Volumes/Ricolinos/Codigo/GitHub/mi-ipod-os/.claude/worktrees/split-root-menu/build-boot/firmware/libfirmware.a(storage.o)
                0x22025ac8                storage_write_sectors
 .text.ttb_init
                0x22025acc       0x18 /Volumes/Ricolinos/Codigo/GitHub/mi-ipod-os/.claude/worktrees/split-root-menu/build-boot/firmware/libfirmware.a(mmu-arm.o)
                0x22025acc                ttb_init
 .text.map_section
                0x22025ae4       0x48 /Volumes/Ricolinos/Codigo/GitHub/mi-ipod-os/.claude/worktrees/split-root-menu/build-boot/firmware/libfirmware.a(mmu-arm.o)
                0x22025ae4                map_section
 .text.enable_mmu
                0x22025b2c       0x34 /Volumes/Ricolinos/Codigo/GitHub/mi-ipod-os/.claude/worktrees/split-root-menu/build-boot/firmware/libfirmware.a(mmu-arm.o)
                0x22025b2c                enable_mmu
 .text.commit_discard_dcache_range
                0x22025b60       0x80 /Volumes/Ricolinos/Codigo/GitHub/mi-ipod-os/.claude/worktrees/split-root-menu/build-boot/firmware/libfirmware.a(mmu-arm.o)
                0x22025b60                commit_discard_dcache_range
 .text.commit_dcache_range
                0x22025be0       0x80 /Volumes/Ricolinos/Codigo/GitHub/mi-ipod-os/.claude/worktrees/split-root-menu/build-boot/firmware/libfirmware.a(mmu-arm.o)
                0x22025be0                commit_dcache_range
 .text.discard_dcache_range
                0x22025c60       0x9c /Volumes/Ricolinos/Codigo/GitHub/mi-ipod-os/.claude/worktrees/split-root-menu/build-boot/firmware/libfirmware.a(mmu-arm.o)
                0x22025c60                discard_dcache_range
 .text.commit_dcache
                0x22025cfc       0x14 /Volumes/Ricolinos/Codigo/GitHub/mi-ipod-os/.claude/worktrees/split-root-menu/build-boot/firmware/libfirmware.a(mmu-arm.o)
                0x22025cfc                commit_dcache
 .text.software_int_handler
                0x22025d10        0xc /Volumes/Ricolinos/Codigo/GitHub/mi-ipod-os/.claude/worktrees/split-root-menu/build-boot/firmware/libfirmware.a(system-arm-classic.o)
                0x22025d10                software_int_handler
 .text.reserved_handler
                0x22025d1c        0xc /Volumes/Ricolinos/Codigo/GitHub/mi-ipod-os/.claude/worktrees/split-root-menu/build-boot/firmware/libfirmware.a(system-arm-classic.o)
                0x22025d1c                reserved_handler
 .text.prefetch_abort_handler
                0x22025d28        0xc /Volumes/Ricolinos/Codigo/GitHub/mi-ipod-os/.claude/worktrees/split-root-menu/build-boot/firmware/libfirmware.a(system-arm-classic.o)
                0x22025d28                prefetch_abort_handler
 .text.undef_instr_handler
                0x22025d34        0xc /Volumes/Ricolinos/Codigo/GitHub/mi-ipod-os/.claude/worktrees/split-root-menu/build-boot/firmware/libfirmware.a(system-arm-classic.o)
                0x22025d34                undef_instr_handler
 .text.UIE      0x22025d40      0x140 /Volumes/Ricolinos/Codigo/GitHub/mi-ipod-os/.claude/worktrees/split-root-menu/build-boot/firmware/libfirmware.a(system-arm-classic.o)
                0x22025d40                UIE
 .text.__div0   0x22025e80       0x10 /Volumes/Ricolinos/Codigo/GitHub/mi-ipod-os/.claude/worktrees/split-root-menu/build-boot/firmware/libfirmware.a(system-arm-classic.o)
                0x22025e80                __div0
 .text.wait_rdy
                0x22025e90       0x20 /Volumes/Ricolinos/Codigo/GitHub/mi-ipod-os/.claude/worktrees/split-root-menu/build-boot/firmware/libfirmware.a(i2c-s5l8702.o)
 .text.i2c_wait_io
                0x22025eb0       0x50 /Volumes/Ricolinos/Codigo/GitHub/mi-ipod-os/.claude/worktrees/split-root-menu/build-boot/firmware/libfirmware.a(i2c-s5l8702.o)
 .text.i2c_start
                0x22025f00       0x74 /Volumes/Ricolinos/Codigo/GitHub/mi-ipod-os/.claude/worktrees/split-root-menu/build-boot/firmware/libfirmware.a(i2c-s5l8702.o)
 .text.i2c_stop
                0x22025f74       0x40 /Volumes/Ricolinos/Codigo/GitHub/mi-ipod-os/.claude/worktrees/split-root-menu/build-boot/firmware/libfirmware.a(i2c-s5l8702.o)
 .text.i2c_on   0x22025fb4       0x14 /Volumes/Ricolinos/Codigo/GitHub/mi-ipod-os/.claude/worktrees/split-root-menu/build-boot/firmware/libfirmware.a(i2c-s5l8702.o)
 .text.i2c_off  0x22025fc8       0x38 /Volumes/Ricolinos/Codigo/GitHub/mi-ipod-os/.claude/worktrees/split-root-menu/build-boot/firmware/libfirmware.a(i2c-s5l8702.o)
 .text.i2c_wr_internal
                0x22026000       0xe0 /Volumes/Ricolinos/Codigo/GitHub/mi-ipod-os/.claude/worktrees/split-root-menu/build-boot/firmware/libfirmware.a(i2c-s5l8702.o)
 .text.i2c_init
                0x220260e0       0x20 /Volumes/Ricolinos/Codigo/GitHub/mi-ipod-os/.claude/worktrees/split-root-menu/build-boot/firmware/libfirmware.a(i2c-s5l8702.o)
                0x220260e0                i2c_init
 .text.i2c_wr   0x22026100       0x4c /Volumes/Ricolinos/Codigo/GitHub/mi-ipod-os/.claude/worktrees/split-root-menu/build-boot/firmware/libfirmware.a(i2c-s5l8702.o)
                0x22026100                i2c_wr
 .text.i2c_rd   0x2202614c       0xcc /Volumes/Ricolinos/Codigo/GitHub/mi-ipod-os/.claude/worktrees/split-root-menu/build-boot/firmware/libfirmware.a(i2c-s5l8702.o)
                0x2202614c                i2c_rd
 .text.i2c_write
                0x22026218       0x60 /Volumes/Ricolinos/Codigo/GitHub/mi-ipod-os/.claude/worktrees/split-root-menu/build-boot/firmware/libfirmware.a(i2c-s5l8702.o)
                0x22026218                i2c_write
 .text.i2c_read
                0x22026278       0x60 /Volumes/Ricolinos/Codigo/GitHub/mi-ipod-os/.claude/worktrees/split-root-menu/build-boot/firmware/libfirmware.a(i2c-s5l8702.o)
                0x22026278                i2c_read
 .text.i2c_preinit
                0x220262d8       0xb4 /Volumes/Ricolinos/Codigo/GitHub/mi-ipod-os/.claude/worktrees/split-root-menu/build-boot/firmware/libfirmware.a(i2c-s5l8702.o)
                0x220262d8                i2c_preinit
 .text.s5l_clickwheel_init
                0x2202638c       0x7c /Volumes/Ricolinos/Codigo/GitHub/mi-ipod-os/.claude/worktrees/split-root-menu/build-boot/firmware/libfirmware.a(button-clickwheel.o)
 .text.INT_WHEEL
                0x22026408      0x388 /Volumes/Ricolinos/Codigo/GitHub/mi-ipod-os/.claude/worktrees/split-root-menu/build-boot/firmware/libfirmware.a(button-clickwheel.o)
                0x22026408                INT_WHEEL
 .text.button_init_device
                0x22026790       0x2c /Volumes/Ricolinos/Codigo/GitHub/mi-ipod-os/.claude/worktrees/split-root-menu/build-boot/firmware/libfirmware.a(button-clickwheel.o)
                0x22026790                button_init_device
 .text.button_hold
                0x220267bc       0x14 /Volumes/Ricolinos/Codigo/GitHub/mi-ipod-os/.claude/worktrees/split-root-menu/build-boot/firmware/libfirmware.a(button-clickwheel.o)
                0x220267bc                button_hold
 .text.headphones_inserted
                0x220267d0       0x18 /Volumes/Ricolinos/Codigo/GitHub/mi-ipod-os/.claude/worktrees/split-root-menu/build-boot/firmware/libfirmware.a(button-clickwheel.o)
                0x220267d0                headphones_inserted
 .text.button_read_device
                0x220267e8       0x78 /Volumes/Ricolinos/Codigo/GitHub/mi-ipod-os/.claude/worktrees/split-root-menu/build-boot/firmware/libfirmware.a(button-clickwheel.o)
                0x220267e8                button_read_device
 .text.UIRQ     0x22026860       0x1c /Volumes/Ricolinos/Codigo/GitHub/mi-ipod-os/.claude/worktrees/split-root-menu/build-boot/firmware/libfirmware.a(system-s5l8702.o)
                0x22026860                INT_EXT5
                0x22026860                INT_IRQ9
                0x22026860                INT_IRQ10
                0x22026860                INT_IRQ40
                0x22026860                INT_IRQ56
                0x22026860                INT_IRQ49
                0x22026860                INT_IRQ11
                0x22026860                INT_IRQ59
                0x22026860                INT_IRQ41
                0x22026860                INT_IRQ6
                0x22026860                INT_IRQ52
                0x22026860                INT_IRQ45
                0x22026860                INT_UART3
                0x22026860                INT_IRQ18
                0x22026860                INT_TIMERG
                0x22026860                INT_IRQ46
                0x22026860                INT_IRQ42
                0x22026860                INT_IRQ20
                0x22026860                INT_IRQ5
                0x22026860                INT_UART0
                0x22026860                INT_UART1
                0x22026860                INT_IRQ15
                0x22026860                INT_IRQ28
                0x22026860                INT_IRQ63
                0x22026860                INT_IRQ47
                0x22026860                INT_IRQ38
                0x22026860                INT_IRQ58
                0x22026860                INT_IRQ60
                0x22026860                INT_IRQ48
                0x22026860                INT_IRQ22
                0x22026860                INT_IRQ37
                0x22026860                INT_TIMERD
                0x22026860                INT_UART2
                0x22026860                INT_IRQ30
                0x22026860                INT_IRQ50
                0x22026860                INT_IRQ36
                0x22026860                INT_IRQ61
                0x22026860                INT_IRQ53
                0x22026860                INT_TIMERH
                0x22026860                INT_EXT4
                0x22026860                INT_TIMERE
                0x22026860                INT_IRQ13
                0x22026860                INT_IRQ51
                0x22026860                INT_IRQ34
                0x22026860                INT_IRQ14
                0x22026860                INT_IRQ43
                0x22026860                INT_IRQ39
                0x22026860                INT_IRQ21
                0x22026860                INT_IRQ54
                0x22026860                INT_IRQ62
                0x22026860                INT_TIMERA
                0x22026860                INT_IRQ35
                0x22026860                INT_IRQ55
                0x22026860                INT_IRQ12
                0x22026860                INT_IRQ57
                0x22026860                INT_TIMERC
                0x22026860                INT_IRQ4
                0x22026860                INT_TIMERF
 .text.irq_handler
                0x2202687c       0xac /Volumes/Ricolinos/Codigo/GitHub/mi-ipod-os/.claude/worktrees/split-root-menu/build-boot/firmware/libfirmware.a(system-s5l8702.o)
                0x2202687c                irq_handler
 .text.fiq_dummy
                0x22026928        0x8 /Volumes/Ricolinos/Codigo/GitHub/mi-ipod-os/.claude/worktrees/split-root-menu/build-boot/firmware/libfirmware.a(system-s5l8702.o)
                0x22026928                fiq_handler
                0x22026928                fiq_dummy
 .text.system_init
                0x22026930       0x80 /Volumes/Ricolinos/Codigo/GitHub/mi-ipod-os/.claude/worktrees/split-root-menu/build-boot/firmware/libfirmware.a(system-s5l8702.o)
                0x22026930                system_init
 .text.system_reboot
                0x220269b0       0x14 /Volumes/Ricolinos/Codigo/GitHub/mi-ipod-os/.claude/worktrees/split-root-menu/build-boot/firmware/libfirmware.a(system-s5l8702.o)
                0x220269b0                system_reboot
 .text.system_exception_wait
                0x220269c4        0x4 /Volumes/Ricolinos/Codigo/GitHub/mi-ipod-os/.claude/worktrees/split-root-menu/build-boot/firmware/libfirmware.a(system-s5l8702.o)
                0x220269c4                system_exception_wait
 .text.memory_init
                0x220269c8       0x4c /Volumes/Ricolinos/Codigo/GitHub/mi-ipod-os/.claude/worktrees/split-root-menu/build-boot/firmware/libfirmware.a(system-s5l8702.o)
                0x220269c8                memory_init
 .text.system_preinit
                0x22026a14      0x32c /Volumes/Ricolinos/Codigo/GitHub/mi-ipod-os/.claude/worktrees/split-root-menu/build-boot/firmware/libfirmware.a(system-s5l8702.o)
                0x22026a14                system_preinit
 .text.gpio_preinit
                0x22026d40       0x3c /Volumes/Ricolinos/Codigo/GitHub/mi-ipod-os/.claude/worktrees/split-root-menu/build-boot/firmware/libfirmware.a(gpio-s5l8702.o)
                0x22026d40                gpio_preinit
 .text.gpio_init
                0x22026d7c       0x84 /Volumes/Ricolinos/Codigo/GitHub/mi-ipod-os/.claude/worktrees/split-root-menu/build-boot/firmware/libfirmware.a(gpio-s5l8702.o)
                0x22026d7c                gpio_init
 .text.eint_init
                0x22026e00       0x38 /Volumes/Ricolinos/Codigo/GitHub/mi-ipod-os/.claude/worktrees/split-root-menu/build-boot/firmware/libfirmware.a(gpio-s5l8702.o)
                0x22026e00                eint_init
 .text.eint_register
                0x22026e38       0xe0 /Volumes/Ricolinos/Codigo/GitHub/mi-ipod-os/.claude/worktrees/split-root-menu/build-boot/firmware/libfirmware.a(gpio-s5l8702.o)
                0x22026e38                eint_register
 .text.eint_unregister
                0x22026f18       0x7c /Volumes/Ricolinos/Codigo/GitHub/mi-ipod-os/.claude/worktrees/split-root-menu/build-boot/firmware/libfirmware.a(gpio-s5l8702.o)
                0x22026f18                eint_unregister
 .text.dma_init_ctrl
                0x22026f94       0x50 /Volumes/Ricolinos/Codigo/GitHub/mi-ipod-os/.claude/worktrees/split-root-menu/build-boot/firmware/libfirmware.a(dma-s5l8702.o)
                0x22026f94                dma_init_ctrl
 .text.dma_init
                0x22026fe4       0x38 /Volumes/Ricolinos/Codigo/GitHub/mi-ipod-os/.claude/worktrees/split-root-menu/build-boot/firmware/libfirmware.a(dma-s5l8702.o)
                0x22026fe4                dma_init
 .text.soc_set_system_divs
                0x2202701c       0x84 /Volumes/Ricolinos/Codigo/GitHub/mi-ipod-os/.claude/worktrees/split-root-menu/build-boot/firmware/libfirmware.a(clocking-s5l8702.o)
                0x2202701c                soc_set_system_divs
 .text.soc_set_hsdiv
                0x220270a0       0x14 /Volumes/Ricolinos/Codigo/GitHub/mi-ipod-os/.claude/worktrees/split-root-menu/build-boot/firmware/libfirmware.a(clocking-s5l8702.o)
                0x220270a0                soc_set_hsdiv
 .text.clocking_init
                0x220270b4       0x44 /Volumes/Ricolinos/Codigo/GitHub/mi-ipod-os/.claude/worktrees/split-root-menu/build-boot/firmware/libfirmware.a(clocking-s5l8702.o)
                0x220270b4                clocking_init
 .text.clockgate_enable
                0x220270f8       0xd0 /Volumes/Ricolinos/Codigo/GitHub/mi-ipod-os/.claude/worktrees/split-root-menu/build-boot/firmware/libfirmware.a(clocking-s5l8702.o)
                0x220270f8                clockgate_enable
 .text.pll_config
                0x220271c8      0x108 /Volumes/Ricolinos/Codigo/GitHub/mi-ipod-os/.claude/worktrees/split-root-menu/build-boot/firmware/libfirmware.a(clocking-s5l8702.o)
                0x220271c8                pll_config
 .text.pll_onoff
                0x220272d0       0x9c /Volumes/Ricolinos/Codigo/GitHub/mi-ipod-os/.claude/worktrees/split-root-menu/build-boot/firmware/libfirmware.a(clocking-s5l8702.o)
                0x220272d0                pll_onoff
 .text.cg16_config
                0x2202736c       0x70 /Volumes/Ricolinos/Codigo/GitHub/mi-ipod-os/.claude/worktrees/split-root-menu/build-boot/firmware/libfirmware.a(clocking-s5l8702.o)
                0x2202736c                cg16_config
 .text.usec_timer_init
                0x220273dc       0x74 /Volumes/Ricolinos/Codigo/GitHub/mi-ipod-os/.claude/worktrees/split-root-menu/build-boot/firmware/libfirmware.a(clocking-s5l8702.o)
                0x220273dc                usec_timer_init
 .text.udelay   0x22027450       0x20 /Volumes/Ricolinos/Codigo/GitHub/mi-ipod-os/.claude/worktrees/split-root-menu/build-boot/firmware/libfirmware.a(usb-s5l8702.o)
 .text.usb_dw_target_enable_clocks
                0x22027470       0x74 /Volumes/Ricolinos/Codigo/GitHub/mi-ipod-os/.claude/worktrees/split-root-menu/build-boot/firmware/libfirmware.a(usb-s5l8702.o)
                0x22027470                usb_dw_target_enable_clocks
 .text.usb_dw_target_disable_clocks
                0x220274e4       0x44 /Volumes/Ricolinos/Codigo/GitHub/mi-ipod-os/.claude/worktrees/split-root-menu/build-boot/firmware/libfirmware.a(usb-s5l8702.o)
                0x220274e4                usb_dw_target_disable_clocks
 .text.usb_dw_target_enable_irq
                0x22027528       0x14 /Volumes/Ricolinos/Codigo/GitHub/mi-ipod-os/.claude/worktrees/split-root-menu/build-boot/firmware/libfirmware.a(usb-s5l8702.o)
                0x22027528                usb_dw_target_enable_irq
 .text.usb_dw_target_disable_irq
                0x2202753c       0x14 /Volumes/Ricolinos/Codigo/GitHub/mi-ipod-os/.claude/worktrees/split-root-menu/build-boot/firmware/libfirmware.a(usb-s5l8702.o)
                0x2202753c                usb_dw_target_disable_irq
 .text.usb_dw_target_clear_irq
                0x22027550        0x4 /Volumes/Ricolinos/Codigo/GitHub/mi-ipod-os/.claude/worktrees/split-root-menu/build-boot/firmware/libfirmware.a(usb-s5l8702.o)
                0x22027550                usb_dw_target_clear_irq
 .text.usb_enable
                0x22027554       0x10 /Volumes/Ricolinos/Codigo/GitHub/mi-ipod-os/.claude/worktrees/split-root-menu/build-boot/firmware/libfirmware.a(usb-s5l8702.o)
                0x22027554                usb_enable
 .text.usb_detect
                0x22027564       0x10 /Volumes/Ricolinos/Codigo/GitHub/mi-ipod-os/.claude/worktrees/split-root-menu/build-boot/firmware/libfirmware.a(usb-s5l8702.o)
                0x22027564                usb_detect
 .text.usb_insert_int
                0x22027574       0x14 /Volumes/Ricolinos/Codigo/GitHub/mi-ipod-os/.claude/worktrees/split-root-menu/build-boot/firmware/libfirmware.a(usb-s5l8702.o)
                0x22027574                usb_insert_int
 .text.usb_remove_int
                0x22027588       0x14 /Volumes/Ricolinos/Codigo/GitHub/mi-ipod-os/.claude/worktrees/split-root-menu/build-boot/firmware/libfirmware.a(usb-s5l8702.o)
                0x22027588                usb_remove_int
 .text.usb_init_device
                0x2202759c       0x20 /Volumes/Ricolinos/Codigo/GitHub/mi-ipod-os/.claude/worktrees/split-root-menu/build-boot/firmware/libfirmware.a(usb-s5l8702.o)
                0x2202759c                usb_init_device
 .text.spi_wait_ready
                0x220275bc       0x38 /Volumes/Ricolinos/Codigo/GitHub/mi-ipod-os/.claude/worktrees/split-root-menu/build-boot/firmware/libfirmware.a(spi-s5l8702.o)
 .text.spi_clkdiv
                0x220275f4       0x10 /Volumes/Ricolinos/Codigo/GitHub/mi-ipod-os/.claude/worktrees/split-root-menu/build-boot/firmware/libfirmware.a(spi-s5l8702.o)
                0x220275f4                spi_clkdiv
 .text.spi_init
                0x22027604       0x90 /Volumes/Ricolinos/Codigo/GitHub/mi-ipod-os/.claude/worktrees/split-root-menu/build-boot/firmware/libfirmware.a(spi-s5l8702.o)
                0x22027604                spi_init
 .text.spi_ce   0x22027694       0x50 /Volumes/Ricolinos/Codigo/GitHub/mi-ipod-os/.claude/worktrees/split-root-menu/build-boot/firmware/libfirmware.a(spi-s5l8702.o)
                0x22027694                spi_ce
 .text.spi_prepare
                0x220276e4       0xe0 /Volumes/Ricolinos/Codigo/GitHub/mi-ipod-os/.claude/worktrees/split-root-menu/build-boot/firmware/libfirmware.a(spi-s5l8702.o)
                0x220276e4                spi_prepare
 .text.spi_release
                0x220277c4       0x20 /Volumes/Ricolinos/Codigo/GitHub/mi-ipod-os/.claude/worktrees/split-root-menu/build-boot/firmware/libfirmware.a(spi-s5l8702.o)
                0x220277c4                spi_release
 .text.spi_write
                0x220277e4       0xcc /Volumes/Ricolinos/Codigo/GitHub/mi-ipod-os/.claude/worktrees/split-root-menu/build-boot/firmware/libfirmware.a(spi-s5l8702.o)
                0x220277e4                spi_write
 .text.spi_read
                0x220278b0       0xec /Volumes/Ricolinos/Codigo/GitHub/mi-ipod-os/.claude/worktrees/split-root-menu/build-boot/firmware/libfirmware.a(spi-s5l8702.o)
                0x220278b0                spi_read
 .text.get_uint32le
                0x2202799c       0x20 /Volumes/Ricolinos/Codigo/GitHub/mi-ipod-os/.claude/worktrees/split-root-menu/build-boot/firmware/libfirmware.a(norboot-s5l8702.o)
 .text.bootflash_wait_ready
                0x220279bc       0x50 /Volumes/Ricolinos/Codigo/GitHub/mi-ipod-os/.claude/worktrees/split-root-menu/build-boot/firmware/libfirmware.a(norboot-s5l8702.o)
 .text.bootflash_init
                0x22027a0c       0x20 /Volumes/Ricolinos/Codigo/GitHub/mi-ipod-os/.claude/worktrees/split-root-menu/build-boot/firmware/libfirmware.a(norboot-s5l8702.o)
                0x22027a0c                bootflash_init
 .text.bootflash_close
                0x22027a2c        0x8 /Volumes/Ricolinos/Codigo/GitHub/mi-ipod-os/.claude/worktrees/split-root-menu/build-boot/firmware/libfirmware.a(norboot-s5l8702.o)
                0x22027a2c                bootflash_close
 .text.bootflash_read
                0x22027a34       0x8c /Volumes/Ricolinos/Codigo/GitHub/mi-ipod-os/.claude/worktrees/split-root-menu/build-boot/firmware/libfirmware.a(norboot-s5l8702.o)
                0x22027a34                bootflash_read
 .text.syscfg_read
                0x22027ac0       0xa0 /Volumes/Ricolinos/Codigo/GitHub/mi-ipod-os/.claude/worktrees/split-root-menu/build-boot/firmware/libfirmware.a(norboot-s5l8702.o)
                0x22027ac0                syscfg_read
 .text.im3_nor_sz
                0x22027b60       0x20 /Volumes/Ricolinos/Codigo/GitHub/mi-ipod-os/.claude/worktrees/split-root-menu/build-boot/firmware/libfirmware.a(norboot-s5l8702.o)
                0x22027b60                im3_nor_sz
 .text.im3_read
                0x22027b80      0x148 /Volumes/Ricolinos/Codigo/GitHub/mi-ipod-os/.claude/worktrees/split-root-menu/build-boot/firmware/libfirmware.a(norboot-s5l8702.o)
                0x22027b80                im3_read
 .text.s5l_lcd_run_seq8
                0x22027cc8       0x4c /Volumes/Ricolinos/Codigo/GitHub/mi-ipod-os/.claude/worktrees/split-root-menu/build-boot/firmware/libfirmware.a(lcd-s5l8702.o)
 .text.s5l_lcd_run_seq16
                0x22027d14       0xb4 /Volumes/Ricolinos/Codigo/GitHub/mi-ipod-os/.claude/worktrees/split-root-menu/build-boot/firmware/libfirmware.a(lcd-s5l8702.o)
 .text.lcd_init_device
                0x22027dc8      0x114 /Volumes/Ricolinos/Codigo/GitHub/mi-ipod-os/.claude/worktrees/split-root-menu/build-boot/firmware/libfirmware.a(lcd-s5l8702.o)
                0x22027dc8                lcd_init_device
 .text.usb_no_host_callback
                0x22027edc       0x20 /Volumes/Ricolinos/Codigo/GitHub/mi-ipod-os/.claude/worktrees/split-root-menu/build-boot/firmware/libfirmware.a(usb_core.o)
 .text.init_deinit_endpoints
                0x22027efc       0xc0 /Volumes/Ricolinos/Codigo/GitHub/mi-ipod-os/.claude/worktrees/split-root-menu/build-boot/firmware/libfirmware.a(usb_core.o)
 .text.control_request_handler_drivers
                0x22027fbc      0x120 /Volumes/Ricolinos/Codigo/GitHub/mi-ipod-os/.claude/worktrees/split-root-menu/build-boot/firmware/libfirmware.a(usb_core.o)
 .text.request_handler_endpoint_drivers
                0x220280dc       0x7c /Volumes/Ricolinos/Codigo/GitHub/mi-ipod-os/.claude/worktrees/split-root-menu/build-boot/firmware/libfirmware.a(usb_core.o)
 .text.usb_core_init
                0x22028158       0x94 /Volumes/Ricolinos/Codigo/GitHub/mi-ipod-os/.claude/worktrees/split-root-menu/build-boot/firmware/libfirmware.a(usb_core.o)
                0x22028158                usb_core_init
 .text.usb_core_enable_driver
                0x220281ec       0x10 /Volumes/Ricolinos/Codigo/GitHub/mi-ipod-os/.claude/worktrees/split-root-menu/build-boot/firmware/libfirmware.a(usb_core.o)
                0x220281ec                usb_core_enable_driver
 .text.usb_core_bus_reset
                0x220281fc       0x4c /Volumes/Ricolinos/Codigo/GitHub/mi-ipod-os/.claude/worktrees/split-root-menu/build-boot/firmware/libfirmware.a(usb_core.o)
                0x220281fc                usb_core_bus_reset
 .text.usb_core_transfer_complete
                0x22028248       0x90 /Volumes/Ricolinos/Codigo/GitHub/mi-ipod-os/.claude/worktrees/split-root-menu/build-boot/firmware/libfirmware.a(usb_core.o)
                0x22028248                usb_core_transfer_complete
 .text.usb_core_control_request
                0x220282d8       0x2c /Volumes/Ricolinos/Codigo/GitHub/mi-ipod-os/.claude/worktrees/split-root-menu/build-boot/firmware/libfirmware.a(usb_core.o)
                0x220282d8                usb_core_control_request
 .text.usb_core_control_complete
                0x22028304        0x4 /Volumes/Ricolinos/Codigo/GitHub/mi-ipod-os/.claude/worktrees/split-root-menu/build-boot/firmware/libfirmware.a(usb_core.o)
                0x22028304                usb_core_control_complete
 .text.usb_charging_maxcurrent
                0x22028308       0x78 /Volumes/Ricolinos/Codigo/GitHub/mi-ipod-os/.claude/worktrees/split-root-menu/build-boot/firmware/libfirmware.a(usb_core.o)
                0x22028308                usb_charging_maxcurrent
 .text.usb_core_do_set_config
                0x22028380      0x124 /Volumes/Ricolinos/Codigo/GitHub/mi-ipod-os/.claude/worktrees/split-root-menu/build-boot/firmware/libfirmware.a(usb_core.o)
 .text.usb_core_exit
                0x220284a4       0x54 /Volumes/Ricolinos/Codigo/GitHub/mi-ipod-os/.claude/worktrees/split-root-menu/build-boot/firmware/libfirmware.a(usb_core.o)
                0x220284a4                usb_core_exit
 .text.usb_core_handle_transfer_completion
                0x220284f8      0x838 /Volumes/Ricolinos/Codigo/GitHub/mi-ipod-os/.claude/worktrees/split-root-menu/build-boot/firmware/libfirmware.a(usb_core.o)
                0x220284f8                usb_core_handle_transfer_completion
 .text.usb_core_handle_notify
                0x22028d30       0xb8 /Volumes/Ricolinos/Codigo/GitHub/mi-ipod-os/.claude/worktrees/split-root-menu/build-boot/firmware/libfirmware.a(usb_core.o)
                0x22028d30                usb_core_handle_notify
 .text.usb_charging_enable
                0x22028de8       0x1c /Volumes/Ricolinos/Codigo/GitHub/mi-ipod-os/.claude/worktrees/split-root-menu/build-boot/firmware/libfirmware.a(usb_core.o)
                0x22028de8                usb_charging_enable
 .text.copy_padded
                0x22028e04       0x30 /Volumes/Ricolinos/Codigo/GitHub/mi-ipod-os/.claude/worktrees/split-root-menu/build-boot/firmware/libfirmware.a(usb_storage.o)
 .text.send_command_result
                0x22028e34       0x30 /Volumes/Ricolinos/Codigo/GitHub/mi-ipod-os/.claude/worktrees/split-root-menu/build-boot/firmware/libfirmware.a(usb_storage.o)
 .text.send_command_failed_result
                0x22028e64       0x30 /Volumes/Ricolinos/Codigo/GitHub/mi-ipod-os/.claude/worktrees/split-root-menu/build-boot/firmware/libfirmware.a(usb_storage.o)
 .text.send_and_read_next
                0x22028e94       0xbc /Volumes/Ricolinos/Codigo/GitHub/mi-ipod-os/.claude/worktrees/split-root-menu/build-boot/firmware/libfirmware.a(usb_storage.o)
 .text.send_csw
                0x22028f50       0xd0 /Volumes/Ricolinos/Codigo/GitHub/mi-ipod-os/.claude/worktrees/split-root-menu/build-boot/firmware/libfirmware.a(usb_storage.o)
 .text.usb_storage_send_smart
                0x22029020       0x5c /Volumes/Ricolinos/Codigo/GitHub/mi-ipod-os/.claude/worktrees/split-root-menu/build-boot/firmware/libfirmware.a(usb_storage.o)
 .text.usb_storage_send_ata_identify
                0x2202907c       0x80 /Volumes/Ricolinos/Codigo/GitHub/mi-ipod-os/.claude/worktrees/split-root-menu/build-boot/firmware/libfirmware.a(usb_storage.o)
 .text.handle_scsi
                0x220290fc      0xba8 /Volumes/Ricolinos/Codigo/GitHub/mi-ipod-os/.claude/worktrees/split-root-menu/build-boot/firmware/libfirmware.a(usb_storage.o)
 .text.usb_storage_init
                0x22029ca4        0x4 /Volumes/Ricolinos/Codigo/GitHub/mi-ipod-os/.claude/worktrees/split-root-menu/build-boot/firmware/libfirmware.a(usb_storage.o)
                0x22029ca4                usb_storage_init
 .text.usb_storage_set_first_interface
                0x22029ca8       0x14 /Volumes/Ricolinos/Codigo/GitHub/mi-ipod-os/.claude/worktrees/split-root-menu/build-boot/firmware/libfirmware.a(usb_storage.o)
                0x22029ca8                usb_storage_set_first_interface
 .text.usb_storage_get_config_descriptor
                0x22029cbc       0x78 /Volumes/Ricolinos/Codigo/GitHub/mi-ipod-os/.claude/worktrees/split-root-menu/build-boot/firmware/libfirmware.a(usb_storage.o)
                0x22029cbc                usb_storage_get_config_descriptor
 .text.usb_storage_init_connection
                0x22029d34       0x74 /Volumes/Ricolinos/Codigo/GitHub/mi-ipod-os/.claude/worktrees/split-root-menu/build-boot/firmware/libfirmware.a(usb_storage.o)
                0x22029d34                usb_storage_init_connection
 .text.usb_storage_disconnect
                0x22029da8        0x4 /Volumes/Ricolinos/Codigo/GitHub/mi-ipod-os/.claude/worktrees/split-root-menu/build-boot/firmware/libfirmware.a(usb_storage.o)
                0x22029da8                usb_storage_disconnect
 .text.usb_storage_transfer_complete
                0x22029dac      0x304 /Volumes/Ricolinos/Codigo/GitHub/mi-ipod-os/.claude/worktrees/split-root-menu/build-boot/firmware/libfirmware.a(usb_storage.o)
                0x22029dac                usb_storage_transfer_complete
 .text.usb_storage_control_request
                0x2202a0b0       0x54 /Volumes/Ricolinos/Codigo/GitHub/mi-ipod-os/.claude/worktrees/split-root-menu/build-boot/firmware/libfirmware.a(usb_storage.o)
                0x2202a0b0                usb_storage_control_request
 .text.udelay   0x2202a104       0x20 /Volumes/Ricolinos/Codigo/GitHub/mi-ipod-os/.claude/worktrees/split-root-menu/build-boot/firmware/libfirmware.a(usb-designware.o)
 .text.usb_dw_wait_for_ahb_idle
                0x2202a124       0x14 /Volumes/Ricolinos/Codigo/GitHub/mi-ipod-os/.claude/worktrees/split-root-menu/build-boot/firmware/libfirmware.a(usb-designware.o)
 .text.usb_dw_ep0_recv
                0x2202a138       0x2c /Volumes/Ricolinos/Codigo/GitHub/mi-ipod-os/.claude/worktrees/split-root-menu/build-boot/firmware/libfirmware.a(usb-designware.o)
 .text.usb_dw_disable_ep
                0x2202a164       0x90 /Volumes/Ricolinos/Codigo/GitHub/mi-ipod-os/.claude/worktrees/split-root-menu/build-boot/firmware/libfirmware.a(usb-designware.o)
 .text.usb_dw_flush_endpoint
                0x2202a1f4      0x1ac /Volumes/Ricolinos/Codigo/GitHub/mi-ipod-os/.claude/worktrees/split-root-menu/build-boot/firmware/libfirmware.a(usb-designware.o)
 .text.usb_dw_abort_endpoint
                0x2202a3a0       0x54 /Volumes/Ricolinos/Codigo/GitHub/mi-ipod-os/.claude/worktrees/split-root-menu/build-boot/firmware/libfirmware.a(usb-designware.o)
 .text.usb_dw_unconfigure_ep
                0x2202a3f4       0x5c /Volumes/Ricolinos/Codigo/GitHub/mi-ipod-os/.claude/worktrees/split-root-menu/build-boot/firmware/libfirmware.a(usb-designware.o)
 .text.usb_dw_reset_endpoints
                0x2202a450       0xbc /Volumes/Ricolinos/Codigo/GitHub/mi-ipod-os/.claude/worktrees/split-root-menu/build-boot/firmware/libfirmware.a(usb-designware.o)
 .text.usb_dw_control_received
                0x2202a50c       0xf4 /Volumes/Ricolinos/Codigo/GitHub/mi-ipod-os/.claude/worktrees/split-root-menu/build-boot/firmware/libfirmware.a(usb-designware.o)
 .text.usb_dw_maxxfersize.part.0
                0x2202a600       0x54 /Volumes/Ricolinos/Codigo/GitHub/mi-ipod-os/.claude/worktrees/split-root-menu/build-boot/firmware/libfirmware.a(usb-designware.o)
 .text.usb_dw_epstart
                0x2202a654      0x178 /Volumes/Ricolinos/Codigo/GitHub/mi-ipod-os/.claude/worktrees/split-root-menu/build-boot/firmware/libfirmware.a(usb-designware.o)
 .text.usb_dw_handle_xfer_complete
                0x2202a7cc      0x280 /Volumes/Ricolinos/Codigo/GitHub/mi-ipod-os/.claude/worktrees/split-root-menu/build-boot/firmware/libfirmware.a(usb-designware.o)
 .text.usb_drv_cancel_all_transfers
                0x2202aa4c       0x94 /Volumes/Ricolinos/Codigo/GitHub/mi-ipod-os/.claude/worktrees/split-root-menu/build-boot/firmware/libfirmware.a(usb-designware.o)
                0x2202aa4c                usb_drv_cancel_all_transfers
 .text.usb_drv_stalled
                0x2202aae0       0x2c /Volumes/Ricolinos/Codigo/GitHub/mi-ipod-os/.claude/worktrees/split-root-menu/build-boot/firmware/libfirmware.a(usb-designware.o)
                0x2202aae0                usb_drv_stalled
 .text.usb_drv_stall
                0x2202ab0c       0x50 /Volumes/Ricolinos/Codigo/GitHub/mi-ipod-os/.claude/worktrees/split-root-menu/build-boot/firmware/libfirmware.a(usb-designware.o)
                0x2202ab0c                usb_drv_stall
 .text.usb_drv_set_address
                0x2202ab5c        0x4 /Volumes/Ricolinos/Codigo/GitHub/mi-ipod-os/.claude/worktrees/split-root-menu/build-boot/firmware/libfirmware.a(usb-designware.o)
                0x2202ab5c                usb_drv_set_address
 .text.usb_drv_port_speed
                0x2202ab60       0x18 /Volumes/Ricolinos/Codigo/GitHub/mi-ipod-os/.claude/worktrees/split-root-menu/build-boot/firmware/libfirmware.a(usb-designware.o)
                0x2202ab60                usb_drv_port_speed
 .text.usb_drv_set_test_mode
                0x2202ab78        0x4 /Volumes/Ricolinos/Codigo/GitHub/mi-ipod-os/.claude/worktrees/split-root-menu/build-boot/firmware/libfirmware.a(usb-designware.o)
                0x2202ab78                usb_drv_set_test_mode
 .text.usb_attach
                0x2202ab7c        0x4 /Volumes/Ricolinos/Codigo/GitHub/mi-ipod-os/.claude/worktrees/split-root-menu/build-boot/firmware/libfirmware.a(usb-designware.o)
                0x2202ab7c                usb_attach
 .text.usb_drv_init
                0x2202ab80      0x324 /Volumes/Ricolinos/Codigo/GitHub/mi-ipod-os/.claude/worktrees/split-root-menu/build-boot/firmware/libfirmware.a(usb-designware.o)
                0x2202ab80                usb_drv_init
 .text.usb_drv_exit
                0x2202aea4       0x2c /Volumes/Ricolinos/Codigo/GitHub/mi-ipod-os/.claude/worktrees/split-root-menu/build-boot/firmware/libfirmware.a(usb-designware.o)
                0x2202aea4                usb_drv_exit
 .text.INT_USB_FUNC
                0x2202aed0      0x1f8 /Volumes/Ricolinos/Codigo/GitHub/mi-ipod-os/.claude/worktrees/split-root-menu/build-boot/firmware/libfirmware.a(usb-designware.o)
                0x2202aed0                INT_USB_FUNC
 .text.usb_drv_init_endpoint
                0x2202b0c8       0xf0 /Volumes/Ricolinos/Codigo/GitHub/mi-ipod-os/.claude/worktrees/split-root-menu/build-boot/firmware/libfirmware.a(usb-designware.o)
                0x2202b0c8                usb_drv_init_endpoint
 .text.usb_drv_deinit_endpoint
                0x2202b1b8       0x50 /Volumes/Ricolinos/Codigo/GitHub/mi-ipod-os/.claude/worktrees/split-root-menu/build-boot/firmware/libfirmware.a(usb-designware.o)
                0x2202b1b8                usb_drv_deinit_endpoint
 .text.usb_drv_recv_nonblocking
                0x2202b208       0x4c /Volumes/Ricolinos/Codigo/GitHub/mi-ipod-os/.claude/worktrees/split-root-menu/build-boot/firmware/libfirmware.a(usb-designware.o)
                0x2202b208                usb_drv_recv_nonblocking
 .text.usb_drv_send_nonblocking
                0x2202b254       0x4c /Volumes/Ricolinos/Codigo/GitHub/mi-ipod-os/.claude/worktrees/split-root-menu/build-boot/firmware/libfirmware.a(usb-designware.o)
                0x2202b254                usb_drv_send_nonblocking
 .text.usb_drv_control_response
                0x2202b2a0      0x148 /Volumes/Ricolinos/Codigo/GitHub/mi-ipod-os/.claude/worktrees/split-root-menu/build-boot/firmware/libfirmware.a(usb-designware.o)
                0x2202b2a0                usb_drv_control_response
 .text.lcd_target_get_info
                0x2202b3e8       0x28 /Volumes/Ricolinos/Codigo/GitHub/mi-ipod-os/.claude/worktrees/split-root-menu/build-boot/firmware/libfirmware.a(lcd-6g.o)
                0x2202b3e8                lcd_target_get_info
 .text.backlight_hw_brightness
                0x2202b410        0xc /Volumes/Ricolinos/Codigo/GitHub/mi-ipod-os/.claude/worktrees/split-root-menu/build-boot/firmware/libfirmware.a(backlight-6g.o)
                0x2202b410                backlight_hw_brightness
 .text.backlight_hw_on
                0x2202b41c        0xc /Volumes/Ricolinos/Codigo/GitHub/mi-ipod-os/.claude/worktrees/split-root-menu/build-boot/firmware/libfirmware.a(backlight-6g.o)
                0x2202b41c                backlight_hw_on
 .text.backlight_hw_init
                0x2202b428       0x30 /Volumes/Ricolinos/Codigo/GitHub/mi-ipod-os/.claude/worktrees/split-root-menu/build-boot/firmware/libfirmware.a(backlight-6g.o)
                0x2202b428                backlight_hw_init
 .text.pmu_eint_isr
                0x2202b458       0x20 /Volumes/Ricolinos/Codigo/GitHub/mi-ipod-os/.claude/worktrees/split-root-menu/build-boot/firmware/libfirmware.a(pmu-6g.o)
 .text.pmu_read_multiple
                0x2202b478       0x24 /Volumes/Ricolinos/Codigo/GitHub/mi-ipod-os/.claude/worktrees/split-root-menu/build-boot/firmware/libfirmware.a(pmu-6g.o)
                0x2202b478                pmu_read_multiple
 .text.pmu_write_multiple
                0x2202b49c       0x24 /Volumes/Ricolinos/Codigo/GitHub/mi-ipod-os/.claude/worktrees/split-root-menu/build-boot/firmware/libfirmware.a(pmu-6g.o)
                0x2202b49c                pmu_write_multiple
 .text.pmu_read
                0x2202b4c0       0x1c /Volumes/Ricolinos/Codigo/GitHub/mi-ipod-os/.claude/worktrees/split-root-menu/build-boot/firmware/libfirmware.a(pmu-6g.o)
                0x2202b4c0                pmu_read
 .text.pmu_read_inputs_mbcs
                0x2202b4dc       0x24 /Volumes/Ricolinos/Codigo/GitHub/mi-ipod-os/.claude/worktrees/split-root-menu/build-boot/firmware/libfirmware.a(pmu-6g.o)
 .text.pmu_read_inputs_ooc
                0x2202b500       0x24 /Volumes/Ricolinos/Codigo/GitHub/mi-ipod-os/.claude/worktrees/split-root-menu/build-boot/firmware/libfirmware.a(pmu-6g.o)
 .text.pmu_read_inputs_gpio
                0x2202b524       0x28 /Volumes/Ricolinos/Codigo/GitHub/mi-ipod-os/.claude/worktrees/split-root-menu/build-boot/firmware/libfirmware.a(pmu-6g.o)
 .text.pmu_thread
                0x2202b54c       0x94 /Volumes/Ricolinos/Codigo/GitHub/mi-ipod-os/.claude/worktrees/split-root-menu/build-boot/firmware/libfirmware.a(pmu-6g.o)
 .text.pmu_write
                0x2202b5e0       0x1c /Volumes/Ricolinos/Codigo/GitHub/mi-ipod-os/.claude/worktrees/split-root-menu/build-boot/firmware/libfirmware.a(pmu-6g.o)
                0x2202b5e0                pmu_write
 .text.pmu_hdd_power
                0x2202b5fc        0xc /Volumes/Ricolinos/Codigo/GitHub/mi-ipod-os/.claude/worktrees/split-root-menu/build-boot/firmware/libfirmware.a(pmu-6g.o)
                0x2202b5fc                pmu_hdd_power
 .text.pmu_set_wake_condition
                0x2202b608        0xc /Volumes/Ricolinos/Codigo/GitHub/mi-ipod-os/.claude/worktrees/split-root-menu/build-boot/firmware/libfirmware.a(pmu-6g.o)
                0x2202b608                pmu_set_wake_condition
 .text.pmu_enter_standby
                0x2202b614        0xc /Volumes/Ricolinos/Codigo/GitHub/mi-ipod-os/.claude/worktrees/split-root-menu/build-boot/firmware/libfirmware.a(pmu-6g.o)
                0x2202b614                pmu_enter_standby
 .text.pmu_read_rtc
                0x2202b620       0x10 /Volumes/Ricolinos/Codigo/GitHub/mi-ipod-os/.claude/worktrees/split-root-menu/build-boot/firmware/libfirmware.a(pmu-6g.o)
                0x2202b620                pmu_read_rtc
 .text.pmu_write_rtc
                0x2202b630       0x10 /Volumes/Ricolinos/Codigo/GitHub/mi-ipod-os/.claude/worktrees/split-root-menu/build-boot/firmware/libfirmware.a(pmu-6g.o)
                0x2202b630                pmu_write_rtc
 .text.pmu_adc_raw2mv
                0x2202b640       0xbc /Volumes/Ricolinos/Codigo/GitHub/mi-ipod-os/.claude/worktrees/split-root-menu/build-boot/firmware/libfirmware.a(pmu-6g.o)
                0x2202b640                pmu_adc_raw2mv
 .text.pmu_read_adc
                0x2202b6fc       0xa0 /Volumes/Ricolinos/Codigo/GitHub/mi-ipod-os/.claude/worktrees/split-root-menu/build-boot/firmware/libfirmware.a(pmu-6g.o)
                0x2202b6fc                pmu_read_adc
 .text.pmu_holdswitch_locked
                0x2202b79c       0x10 /Volumes/Ricolinos/Codigo/GitHub/mi-ipod-os/.claude/worktrees/split-root-menu/build-boot/firmware/libfirmware.a(pmu-6g.o)
                0x2202b79c                pmu_holdswitch_locked
 .text.pmu_firewire_present
                0x2202b7ac       0x10 /Volumes/Ricolinos/Codigo/GitHub/mi-ipod-os/.claude/worktrees/split-root-menu/build-boot/firmware/libfirmware.a(pmu-6g.o)
                0x2202b7ac                pmu_firewire_present
 .text.pmu_init
                0x2202b7bc       0xd4 /Volumes/Ricolinos/Codigo/GitHub/mi-ipod-os/.claude/worktrees/split-root-menu/build-boot/firmware/libfirmware.a(pmu-6g.o)
                0x2202b7bc                pmu_init
 .text.pmu_rd_multiple
                0x2202b890       0x24 /Volumes/Ricolinos/Codigo/GitHub/mi-ipod-os/.claude/worktrees/split-root-menu/build-boot/firmware/libfirmware.a(pmu-6g.o)
                0x2202b890                pmu_rd_multiple
 .text.pmu_wr_multiple
                0x2202b8b4       0x24 /Volumes/Ricolinos/Codigo/GitHub/mi-ipod-os/.claude/worktrees/split-root-menu/build-boot/firmware/libfirmware.a(pmu-6g.o)
                0x2202b8b4                pmu_wr_multiple
 .text.pmu_rd   0x2202b8d8       0x1c /Volumes/Ricolinos/Codigo/GitHub/mi-ipod-os/.claude/worktrees/split-root-menu/build-boot/firmware/libfirmware.a(pmu-6g.o)
                0x2202b8d8                pmu_rd
 .text.pmu_wr   0x2202b8f4       0x1c /Volumes/Ricolinos/Codigo/GitHub/mi-ipod-os/.claude/worktrees/split-root-menu/build-boot/firmware/libfirmware.a(pmu-6g.o)
                0x2202b8f4                pmu_wr
 .text.pmu_preinit
                0x2202b910       0x48 /Volumes/Ricolinos/Codigo/GitHub/mi-ipod-os/.claude/worktrees/split-root-menu/build-boot/firmware/libfirmware.a(pmu-6g.o)
                0x2202b910                pmu_preinit
 .text.pmu_is_hibernated
                0x2202b958       0x2c /Volumes/Ricolinos/Codigo/GitHub/mi-ipod-os/.claude/worktrees/split-root-menu/build-boot/firmware/libfirmware.a(pmu-6g.o)
                0x2202b958                pmu_is_hibernated
 .text._battery_voltage
                0x2202b984        0x4 /Volumes/Ricolinos/Codigo/GitHub/mi-ipod-os/.claude/worktrees/split-root-menu/build-boot/firmware/libfirmware.a(powermgmt-6g.o)
                0x2202b984                _battery_voltage
 .text.chrg_monitor_cb
                0x2202b988       0x28 /Volumes/Ricolinos/Codigo/GitHub/mi-ipod-os/.claude/worktrees/split-root-menu/build-boot/firmware/libfirmware.a(power-6g.o)
 .text.power_off
                0x2202b9b0       0x14 /Volumes/Ricolinos/Codigo/GitHub/mi-ipod-os/.claude/worktrees/split-root-menu/build-boot/firmware/libfirmware.a(power-6g.o)
                0x2202b9b0                power_off
 .text.power_init
                0x2202b9c4       0x5c /Volumes/Ricolinos/Codigo/GitHub/mi-ipod-os/.claude/worktrees/split-root-menu/build-boot/firmware/libfirmware.a(power-6g.o)
                0x2202b9c4                power_init
 .text.ide_power_enable
                0x2202ba20       0x10 /Volumes/Ricolinos/Codigo/GitHub/mi-ipod-os/.claude/worktrees/split-root-menu/build-boot/firmware/libfirmware.a(power-6g.o)
                0x2202ba20                ide_power_enable
 .text.ide_powered
                0x2202ba30       0x18 /Volumes/Ricolinos/Codigo/GitHub/mi-ipod-os/.claude/worktrees/split-root-menu/build-boot/firmware/libfirmware.a(power-6g.o)
                0x2202ba30                ide_powered
 .text.usb_charging_maxcurrent_change
                0x2202ba48       0x64 /Volumes/Ricolinos/Codigo/GitHub/mi-ipod-os/.claude/worktrees/split-root-menu/build-boot/firmware/libfirmware.a(power-6g.o)
                0x2202ba48                usb_charging_maxcurrent_change
 .text.charging_state
                0x2202baac       0x1c /Volumes/Ricolinos/Codigo/GitHub/mi-ipod-os/.claude/worktrees/split-root-menu/build-boot/firmware/libfirmware.a(power-6g.o)
                0x2202baac                charging_state
 .text.power_input_status
                0x2202bac8      0x1c0 /Volumes/Ricolinos/Codigo/GitHub/mi-ipod-os/.claude/worktrees/split-root-menu/build-boot/firmware/libfirmware.a(power-6g.o)
                0x2202bac8                power_input_status
 .text.udelay   0x2202bc88       0x20 /Volumes/Ricolinos/Codigo/GitHub/mi-ipod-os/.claude/worktrees/split-root-menu/build-boot/firmware/libfirmware.a(storage_ata-6g.o)
 .text.ata_disk_isssd
                0x2202bca8       0x68 /Volumes/Ricolinos/Codigo/GitHub/mi-ipod-os/.claude/worktrees/split-root-menu/build-boot/firmware/libfirmware.a(storage_ata-6g.o)
 .text.ata_read_cbr
                0x2202bd10       0x40 /Volumes/Ricolinos/Codigo/GitHub/mi-ipod-os/.claude/worktrees/split-root-menu/build-boot/firmware/libfirmware.a(storage_ata-6g.o)
 .text.ata_write_cbr
                0x2202bd50       0x1c /Volumes/Ricolinos/Codigo/GitHub/mi-ipod-os/.claude/worktrees/split-root-menu/build-boot/firmware/libfirmware.a(storage_ata-6g.o)
 .text.mmc_dsta_check_data_success
                0x2202bd6c       0x78 /Volumes/Ricolinos/Codigo/GitHub/mi-ipod-os/.claude/worktrees/split-root-menu/build-boot/firmware/libfirmware.a(storage_ata-6g.o)
 .text.ata_set_active
                0x2202bde4       0x1c /Volumes/Ricolinos/Codigo/GitHub/mi-ipod-os/.claude/worktrees/split-root-menu/build-boot/firmware/libfirmware.a(storage_ata-6g.o)
 .text.ata_wait_for_not_bsy
                0x2202be00       0x50 /Volumes/Ricolinos/Codigo/GitHub/mi-ipod-os/.claude/worktrees/split-root-menu/build-boot/firmware/libfirmware.a(storage_ata-6g.o)
 .text.ata_wait_for_rdy
                0x2202be50       0x5c /Volumes/Ricolinos/Codigo/GitHub/mi-ipod-os/.claude/worktrees/split-root-menu/build-boot/firmware/libfirmware.a(storage_ata-6g.o)
 .text.ata_wait_for_start_of_transfer
                0x2202beac       0x70 /Volumes/Ricolinos/Codigo/GitHub/mi-ipod-os/.claude/worktrees/split-root-menu/build-boot/firmware/libfirmware.a(storage_ata-6g.o)
 .text.mmc_discard_irq
                0x2202bf1c       0x20 /Volumes/Ricolinos/Codigo/GitHub/mi-ipod-os/.claude/worktrees/split-root-menu/build-boot/firmware/libfirmware.a(storage_ata-6g.o)
 .text.ata_power_down
                0x2202bf3c       0x5c /Volumes/Ricolinos/Codigo/GitHub/mi-ipod-os/.claude/worktrees/split-root-menu/build-boot/firmware/libfirmware.a(storage_ata-6g.o)
 .text.mmc_send_command.constprop.0.isra.0
                0x2202bf98      0x1a0 /Volumes/Ricolinos/Codigo/GitHub/mi-ipod-os/.claude/worktrees/split-root-menu/build-boot/firmware/libfirmware.a(storage_ata-6g.o)
 .text.ceata_write_multiple_register.constprop.0
                0x2202c138       0xcc /Volumes/Ricolinos/Codigo/GitHub/mi-ipod-os/.claude/worktrees/split-root-menu/build-boot/firmware/libfirmware.a(storage_ata-6g.o)
 .text.mmc_fastio_read.isra.0
                0x2202c204       0x18 /Volumes/Ricolinos/Codigo/GitHub/mi-ipod-os/.claude/worktrees/split-root-menu/build-boot/firmware/libfirmware.a(storage_ata-6g.o)
 .text.ceata_check_error
                0x2202c21c       0x3c /Volumes/Ricolinos/Codigo/GitHub/mi-ipod-os/.claude/worktrees/split-root-menu/build-boot/firmware/libfirmware.a(storage_ata-6g.o)
 .text.ceata_wait_idle
                0x2202c258       0x58 /Volumes/Ricolinos/Codigo/GitHub/mi-ipod-os/.claude/worktrees/split-root-menu/build-boot/firmware/libfirmware.a(storage_ata-6g.o)
 .text.ceata_cancel_command
                0x2202c2b0       0x6c /Volumes/Ricolinos/Codigo/GitHub/mi-ipod-os/.claude/worktrees/split-root-menu/build-boot/firmware/libfirmware.a(storage_ata-6g.o)
 .text.ceata_rw_multiple_block.constprop.0
                0x2202c31c       0xf8 /Volumes/Ricolinos/Codigo/GitHub/mi-ipod-os/.claude/worktrees/split-root-menu/build-boot/firmware/libfirmware.a(storage_ata-6g.o)
 .text.ata_set_feature
                0x2202c414       0xf4 /Volumes/Ricolinos/Codigo/GitHub/mi-ipod-os/.claude/worktrees/split-root-menu/build-boot/firmware/libfirmware.a(storage_ata-6g.o)
 .text.ata_rw_chunk_internal
                0x2202c508      0x458 /Volumes/Ricolinos/Codigo/GitHub/mi-ipod-os/.claude/worktrees/split-root-menu/build-boot/firmware/libfirmware.a(storage_ata-6g.o)
 .text.ata_flush_cache
                0x2202c960       0xe0 /Volumes/Ricolinos/Codigo/GitHub/mi-ipod-os/.claude/worktrees/split-root-menu/build-boot/firmware/libfirmware.a(storage_ata-6g.o)
 .text.ata_identify.constprop.0
                0x2202ca40       0xf4 /Volumes/Ricolinos/Codigo/GitHub/mi-ipod-os/.claude/worktrees/split-root-menu/build-boot/firmware/libfirmware.a(storage_ata-6g.o)
 .text.ceata_soft_reset
                0x2202cb34       0x94 /Volumes/Ricolinos/Codigo/GitHub/mi-ipod-os/.claude/worktrees/split-root-menu/build-boot/firmware/libfirmware.a(storage_ata-6g.o)
 .text.ata_power_up
                0x2202cbc8      0x718 /Volumes/Ricolinos/Codigo/GitHub/mi-ipod-os/.claude/worktrees/split-root-menu/build-boot/firmware/libfirmware.a(storage_ata-6g.o)
 .text.ata_get_info
                0x2202d2e0       0xf8 /Volumes/Ricolinos/Codigo/GitHub/mi-ipod-os/.claude/worktrees/split-root-menu/build-boot/firmware/libfirmware.a(storage_ata-6g.o)
                0x2202d2e0                ata_get_info
 .text.ata_set_phys_sector_mult
                0x2202d3d8       0x40 /Volumes/Ricolinos/Codigo/GitHub/mi-ipod-os/.claude/worktrees/split-root-menu/build-boot/firmware/libfirmware.a(storage_ata-6g.o)
                0x2202d3d8                ata_set_phys_sector_mult
 .text.ata_disk_is_active
                0x2202d418       0x10 /Volumes/Ricolinos/Codigo/GitHub/mi-ipod-os/.claude/worktrees/split-root-menu/build-boot/firmware/libfirmware.a(storage_ata-6g.o)
                0x2202d418                ata_disk_is_active
 .text.ata_soft_reset
                0x2202d428       0xac /Volumes/Ricolinos/Codigo/GitHub/mi-ipod-os/.claude/worktrees/split-root-menu/build-boot/firmware/libfirmware.a(storage_ata-6g.o)
                0x2202d428                ata_soft_reset
 .text.ata_hard_reset
                0x2202d4d4       0x30 /Volumes/Ricolinos/Codigo/GitHub/mi-ipod-os/.claude/worktrees/split-root-menu/build-boot/firmware/libfirmware.a(storage_ata-6g.o)
                0x2202d4d4                ata_hard_reset
 .text.ata_reset.isra.0
                0x2202d504       0x70 /Volumes/Ricolinos/Codigo/GitHub/mi-ipod-os/.claude/worktrees/split-root-menu/build-boot/firmware/libfirmware.a(storage_ata-6g.o)
 .text.ata_transfer_sectors
                0x2202d574      0x20c /Volumes/Ricolinos/Codigo/GitHub/mi-ipod-os/.claude/worktrees/split-root-menu/build-boot/firmware/libfirmware.a(storage_ata-6g.o)
 .text.cache_sector